Archive member included to satisfy reference by file (symbol)

/Applications/Ac6/SystemWorkbench.app/Contents/Eclipse/plugins/fr.ac6.mcu.externaltools.arm-none.macos64_1.17.0.201812190825/tools/compiler/bin/../lib/gcc/arm-none-eabi/7.3.1/../../../../arm-none-eabi/lib/thumb/v7e-m/fpv4-sp/hard/libc.a(lib_a-exit.o)
                              /Applications/Ac6/SystemWorkbench.app/Contents/Eclipse/plugins/fr.ac6.mcu.externaltools.arm-none.macos64_1.17.0.201812190825/tools/compiler/bin/../lib/gcc/arm-none-eabi/7.3.1/../../../../arm-none-eabi/lib/thumb/v7e-m/fpv4-sp/hard/rdimon-crt0.o (exit)
/Applications/Ac6/SystemWorkbench.app/Contents/Eclipse/plugins/fr.ac6.mcu.externaltools.arm-none.macos64_1.17.0.201812190825/tools/compiler/bin/../lib/gcc/arm-none-eabi/7.3.1/../../../../arm-none-eabi/lib/thumb/v7e-m/fpv4-sp/hard/libc.a(lib_a-impure.o)
                              /Applications/Ac6/SystemWorkbench.app/Contents/Eclipse/plugins/fr.ac6.mcu.externaltools.arm-none.macos64_1.17.0.201812190825/tools/compiler/bin/../lib/gcc/arm-none-eabi/7.3.1/../../../../arm-none-eabi/lib/thumb/v7e-m/fpv4-sp/hard/libc.a(lib_a-exit.o) (_global_impure_ptr)
/Applications/Ac6/SystemWorkbench.app/Contents/Eclipse/plugins/fr.ac6.mcu.externaltools.arm-none.macos64_1.17.0.201812190825/tools/compiler/bin/../lib/gcc/arm-none-eabi/7.3.1/../../../../arm-none-eabi/lib/thumb/v7e-m/fpv4-sp/hard/libc.a(lib_a-init.o)
                              /Applications/Ac6/SystemWorkbench.app/Contents/Eclipse/plugins/fr.ac6.mcu.externaltools.arm-none.macos64_1.17.0.201812190825/tools/compiler/bin/../lib/gcc/arm-none-eabi/7.3.1/../../../../arm-none-eabi/lib/thumb/v7e-m/fpv4-sp/hard/rdimon-crt0.o (__libc_init_array)
/Applications/Ac6/SystemWorkbench.app/Contents/Eclipse/plugins/fr.ac6.mcu.externaltools.arm-none.macos64_1.17.0.201812190825/tools/compiler/bin/../lib/gcc/arm-none-eabi/7.3.1/../../../../arm-none-eabi/lib/thumb/v7e-m/fpv4-sp/hard/libc.a(lib_a-memset.o)
                              /Applications/Ac6/SystemWorkbench.app/Contents/Eclipse/plugins/fr.ac6.mcu.externaltools.arm-none.macos64_1.17.0.201812190825/tools/compiler/bin/../lib/gcc/arm-none-eabi/7.3.1/../../../../arm-none-eabi/lib/thumb/v7e-m/fpv4-sp/hard/rdimon-crt0.o (memset)
/Applications/Ac6/SystemWorkbench.app/Contents/Eclipse/plugins/fr.ac6.mcu.externaltools.arm-none.macos64_1.17.0.201812190825/tools/compiler/bin/../lib/gcc/arm-none-eabi/7.3.1/../../../../arm-none-eabi/lib/thumb/v7e-m/fpv4-sp/hard/libc.a(lib_a-__call_atexit.o)
                              /Applications/Ac6/SystemWorkbench.app/Contents/Eclipse/plugins/fr.ac6.mcu.externaltools.arm-none.macos64_1.17.0.201812190825/tools/compiler/bin/../lib/gcc/arm-none-eabi/7.3.1/../../../../arm-none-eabi/lib/thumb/v7e-m/fpv4-sp/hard/libc.a(lib_a-exit.o) (__call_exitprocs)
/Applications/Ac6/SystemWorkbench.app/Contents/Eclipse/plugins/fr.ac6.mcu.externaltools.arm-none.macos64_1.17.0.201812190825/tools/compiler/bin/../lib/gcc/arm-none-eabi/7.3.1/../../../../arm-none-eabi/lib/thumb/v7e-m/fpv4-sp/hard/libc.a(lib_a-atexit.o)
                              /Applications/Ac6/SystemWorkbench.app/Contents/Eclipse/plugins/fr.ac6.mcu.externaltools.arm-none.macos64_1.17.0.201812190825/tools/compiler/bin/../lib/gcc/arm-none-eabi/7.3.1/../../../../arm-none-eabi/lib/thumb/v7e-m/fpv4-sp/hard/libc.a(lib_a-__call_atexit.o) (atexit)
/Applications/Ac6/SystemWorkbench.app/Contents/Eclipse/plugins/fr.ac6.mcu.externaltools.arm-none.macos64_1.17.0.201812190825/tools/compiler/bin/../lib/gcc/arm-none-eabi/7.3.1/../../../../arm-none-eabi/lib/thumb/v7e-m/fpv4-sp/hard/libc.a(lib_a-fini.o)
                              /Applications/Ac6/SystemWorkbench.app/Contents/Eclipse/plugins/fr.ac6.mcu.externaltools.arm-none.macos64_1.17.0.201812190825/tools/compiler/bin/../lib/gcc/arm-none-eabi/7.3.1/../../../../arm-none-eabi/lib/thumb/v7e-m/fpv4-sp/hard/libc.a(lib_a-__call_atexit.o) (__libc_fini_array)
/Applications/Ac6/SystemWorkbench.app/Contents/Eclipse/plugins/fr.ac6.mcu.externaltools.arm-none.macos64_1.17.0.201812190825/tools/compiler/bin/../lib/gcc/arm-none-eabi/7.3.1/../../../../arm-none-eabi/lib/thumb/v7e-m/fpv4-sp/hard/libc.a(lib_a-lock.o)
                              /Applications/Ac6/SystemWorkbench.app/Contents/Eclipse/plugins/fr.ac6.mcu.externaltools.arm-none.macos64_1.17.0.201812190825/tools/compiler/bin/../lib/gcc/arm-none-eabi/7.3.1/../../../../arm-none-eabi/lib/thumb/v7e-m/fpv4-sp/hard/libc.a(lib_a-__call_atexit.o) (__retarget_lock_acquire_recursive)
/Applications/Ac6/SystemWorkbench.app/Contents/Eclipse/plugins/fr.ac6.mcu.externaltools.arm-none.macos64_1.17.0.201812190825/tools/compiler/bin/../lib/gcc/arm-none-eabi/7.3.1/../../../../arm-none-eabi/lib/thumb/v7e-m/fpv4-sp/hard/libc.a(lib_a-__atexit.o)
[...]
Memory Configuration

Name             Origin             Length             Attributes
RAM              0x0000000020000000 0x0000000000020000 xrw
ROM              0x0000000008000000 0x0000000000080000 xr
*default*        0x0000000000000000 0xffffffffffffffff

Linker script and memory map

LOAD /Applications/Ac6/SystemWorkbench.app/Contents/Eclipse/plugins/fr.ac6.mcu.externaltools.arm-none.macos64_1.17.0.201812190825/tools/compiler/bin/../lib/gcc/arm-none-eabi/7.3.1/thumb/v7e-m/fpv4-sp/hard/crti.o
LOAD /Applications/Ac6/SystemWorkbench.app/Contents/Eclipse/plugins/fr.ac6.mcu.externaltools.arm-none.macos64_1.17.0.201812190825/tools/compiler/bin/../lib/gcc/arm-none-eabi/7.3.1/thumb/v7e-m/fpv4-sp/hard/crtbegin.o
LOAD /Applications/Ac6/SystemWorkbench.app/Contents/Eclipse/plugins/fr.ac6.mcu.externaltools.arm-none.macos64_1.17.0.201812190825/tools/compiler/bin/../lib/gcc/arm-none-eabi/7.3.1/../../../../arm-none-eabi/lib/thumb/v7e-m/fpv4-sp/hard/rdimon-crt0.o
LOAD /Applications/Ac6/SystemWorkbench.app/Contents/Eclipse/plugins/fr.ac6.mcu.externaltools.arm-none.macos64_1.17.0.201812190825/tools/compiler/bin/../lib/gcc/arm-none-eabi/7.3.1/../../../../arm-none-eabi/lib/thumb/v7e-m/fpv4-sp/hard/libc.a
LOAD /Applications/Ac6/SystemWorkbench.app/Contents/Eclipse/plugins/fr.ac6.mcu.externaltools.arm-none.macos64_1.17.0.201812190825/tools/compiler/bin/../lib/gcc/arm-none-eabi/7.3.1/../../../../arm-none-eabi/lib/thumb/v7e-m/fpv4-sp/hard/librdimon.a
LOAD StdPeriph_Driver/src/misc.o
LOAD StdPeriph_Driver/src/stm32f4xx_adc.o
LOAD StdPeriph_Driver/src/stm32f4xx_can.o
LOAD StdPeriph_Driver/src/stm32f4xx_cec.o
LOAD StdPeriph_Driver/src/stm32f4xx_crc.o
LOAD StdPeriph_Driver/src/stm32f4xx_cryp.o
LOAD StdPeriph_Driver/src/stm32f4xx_cryp_aes.o
LOAD StdPeriph_Driver/src/stm32f4xx_cryp_des.o
LOAD StdPeriph_Driver/src/stm32f4xx_cryp_tdes.o
LOAD StdPeriph_Driver/src/stm32f4xx_dac.o
LOAD StdPeriph_Driver/src/stm32f4xx_dbgmcu.o
LOAD StdPeriph_Driver/src/stm32f4xx_dcmi.o
LOAD StdPeriph_Driver/src/stm32f4xx_dfsdm.o
LOAD StdPeriph_Driver/src/stm32f4xx_dma.o
LOAD StdPeriph_Driver/src/stm32f4xx_dma2d.o
LOAD StdPeriph_Driver/src/stm32f4xx_dsi.o
LOAD StdPeriph_Driver/src/stm32f4xx_exti.o
LOAD StdPeriph_Driver/src/stm32f4xx_flash.o
LOAD StdPeriph_Driver/src/stm32f4xx_flash_ramfunc.o
LOAD StdPeriph_Driver/src/stm32f4xx_fmc.o
LOAD StdPeriph_Driver/src/stm32f4xx_fmip2c.o
LOAD StdPeriph_Driver/src/stm32f4xx_fsmc.o
LOAD StdPeriph_Driver/src/stm32f4xx_gpio.o
LOAD StdPeriph_Driver/src/stm32f4xx_hash.o
LOAD StdPeriph_Driver/src/stm32f4xx_hash_md5.o
LOAD StdPeriph_Driver/src/stm32f4xx_hash_sha1.o
LOAD StdPeriph_Driver/src/stm32f4xx_i2c.o
LOAD StdPeriph_Driver/src/stm32f4xx_iwdg.o
LOAD StdPeriph_Driver/src/stm32f4xx_lptim.o
LOAD StdPeriph_Driver/src/stm32f4xx_ltdc.o
LOAD StdPeriph_Driver/src/stm32f4xx_pwr.o
LOAD StdPeriph_Driver/src/stm32f4xx_qspi.o
LOAD StdPeriph_Driver/src/stm32f4xx_rcc.o
LOAD StdPeriph_Driver/src/stm32f4xx_rng.o
LOAD StdPeriph_Driver/src/stm32f4xx_rtc.o
LOAD StdPeriph_Driver/src/stm32f4xx_sai.o
LOAD StdPeriph_Driver/src/stm32f4xx_sdio.o
LOAD StdPeriph_Driver/src/stm32f4xx_spdifrx.o
LOAD StdPeriph_Driver/src/stm32f4xx_spi.o
LOAD StdPeriph_Driver/src/stm32f4xx_syscfg.o
LOAD StdPeriph_Driver/src/stm32f4xx_tim.o
LOAD StdPeriph_Driver/src/stm32f4xx_usart.o
LOAD StdPeriph_Driver/src/stm32f4xx_wwdg.o
LOAD Third_Party/FreeRTOS/org/Source/croutine.o
LOAD Third_Party/FreeRTOS/org/Source/event_groups.o
LOAD Third_Party/FreeRTOS/org/Source/list.o
LOAD Third_Party/FreeRTOS/org/Source/queue.o
LOAD Third_Party/FreeRTOS/org/Source/stream_buffer.o
LOAD Third_Party/FreeRTOS/org/Source/tasks.o
LOAD Third_Party/FreeRTOS/org/Source/timers.o
LOAD Third_Party/FreeRTOS/org/Source/portable/GCC/ARM_CM4F/port.o
LOAD Third_Party/FreeRTOS/org/Source/portable/MemMang/heap_4.o
LOAD src/main.o
LOAD src/system_stm32f4xx.o
LOAD startup/startup_stm32.o
LOAD /Applications/Ac6/SystemWorkbench.app/Contents/Eclipse/plugins/fr.ac6.mcu.externaltools.arm-none.macos64_1.17.0.201812190825/tools/compiler/bin/../lib/gcc/arm-none-eabi/7.3.1/../../../../arm-none-eabi/lib/thumb/v7e-m/fpv4-sp/hard/libm.a
START GROUP
LOAD /Applications/Ac6/SystemWorkbench.app/Contents/Eclipse/plugins/fr.ac6.mcu.externaltools.arm-none.macos64_1.17.0.201812190825/tools/compiler/bin/../lib/gcc/arm-none-eabi/7.3.1/thumb/v7e-m/fpv4-sp/hard/libgcc.a
LOAD /Applications/Ac6/SystemWorkbench.app/Contents/Eclipse/plugins/fr.ac6.mcu.externaltools.arm-none.macos64_1.17.0.201812190825/tools/compiler/bin/../lib/gcc/arm-none-eabi/7.3.1/../../../../arm-none-eabi/lib/thumb/v7e-m/fpv4-sp/hard/libc.a
END GROUP
START GROUP
LOAD /Applications/Ac6/SystemWorkbench.app/Contents/Eclipse/plugins/fr.ac6.mcu.externaltools.arm-none.macos64_1.17.0.201812190825/tools/compiler/bin/../lib/gcc/arm-none-eabi/7.3.1/thumb/v7e-m/fpv4-sp/hard/libgcc.a
LOAD /Applications/Ac6/SystemWorkbench.app/Contents/Eclipse/plugins/fr.ac6.mcu.externaltools.arm-none.macos64_1.17.0.201812190825/tools/compiler/bin/../lib/gcc/arm-none-eabi/7.3.1/../../../../arm-none-eabi/lib/thumb/v7e-m/fpv4-sp/hard/libc.a
LOAD /Applications/Ac6/SystemWorkbench.app/Contents/Eclipse/plugins/fr.ac6.mcu.externaltools.arm-none.macos64_1.17.0.201812190825/tools/compiler/bin/../lib/gcc/arm-none-eabi/7.3.1/../../../../arm-none-eabi/lib/thumb/v7e-m/fpv4-sp/hard/librdimon.a
END GROUP
LOAD /Applications/Ac6/SystemWorkbench.app/Contents/Eclipse/plugins/fr.ac6.mcu.externaltools.arm-none.macos64_1.17.0.201812190825/tools/compiler/bin/../lib/gcc/arm-none-eabi/7.3.1/thumb/v7e-m/fpv4-sp/hard/crtend.o
LOAD /Applications/Ac6/SystemWorkbench.app/Contents/Eclipse/plugins/fr.ac6.mcu.externaltools.arm-none.macos64_1.17.0.201812190825/tools/compiler/bin/../lib/gcc/arm-none-eabi/7.3.1/thumb/v7e-m/fpv4-sp/hard/crtn.o
                0x0000000020020000                _estack = 0x20020000
                0x0000000000000000                _Min_Heap_Size = 0x0
                0x0000000000000400                _Min_Stack_Size = 0x400

.isr_vector     0x0000000008000000      0x1c4
                0x0000000008000000                . = ALIGN (0x4)
 *(.isr_vector)
 .isr_vector    0x0000000008000000      0x1c4 startup/startup_stm32.o
                0x0000000008000000                g_pfnVectors
                0x00000000080001c4                . = ALIGN (0x4)

.text           0x0000000008000200     0x3b94
                0x0000000008000200                . = ALIGN (0x4)
 *(.text)
 .text          0x0000000008000200       0x40 /Applications/Ac6/SystemWorkbench.app/Contents/Eclipse/plugins/fr.ac6.mcu.externaltools.arm-none.macos64_1.17.0.201812190825/tools/compiler/bin/../lib/gcc/arm-none-eabi/7.3.1/thumb/v7e-m/fpv4-sp/hard/crtbegin.o
 .text          0x0000000008000240      0x134 /Applications/Ac6/SystemWorkbench.app/Contents/Eclipse/plugins/fr.ac6.mcu.externaltools.arm-none.macos64_1.17.0.201812190825/tools/compiler/bin/../lib/gcc/arm-none-eabi/7.3.1/../../../../arm-none-eabi/lib/thumb/v7e-m/fpv4-sp/hard/libc.a(lib_a-memcpy.o)
                0x0000000008000240                memcpy
 *fill*         0x0000000008000374        0xc 
 .text          0x0000000008000380       0xdc /Applications/Ac6/SystemWorkbench.app/Contents/Eclipse/plugins/fr.ac6.mcu.externaltools.arm-none.macos64_1.17.0.201812190825/tools/compiler/bin/../lib/gcc/arm-none-eabi/7.3.1/../../../../arm-none-eabi/lib/thumb/v7e-m/fpv4-sp/hard/libc.a(lib_a-strlen.o)
                0x0000000008000380                strlen
 *(.text*)
 .text.__libc_init_array
                0x000000000800045c       0x48 /Applications/Ac6/SystemWorkbench.app/Contents/Eclipse/plugins/fr.ac6.mcu.externaltools.arm-none.macos64_1.17.0.201812190825/tools/compiler/bin/../lib/gcc/arm-none-eabi/7.3.1/../../../../arm-none-eabi/lib/thumb/v7e-m/fpv4-sp/hard/libc.a(lib_a-init.o)
                0x000000000800045c                __libc_init_array
 .text.memset   0x00000000080004a4       0x94 /Applications/Ac6/SystemWorkbench.app/Contents/Eclipse/plugins/fr.ac6.mcu.externaltools.arm-none.macos64_1.17.0.201812190825/tools/compiler/bin/../lib/gcc/arm-none-eabi/7.3.1/../../../../arm-none-eabi/lib/thumb/v7e-m/fpv4-sp/hard/libc.a(lib_a-memset.o)
                0x00000000080004a4                memset
 .text.startup.register_fini
                0x0000000008000538       0x14 /Applications/Ac6/SystemWorkbench.app/Contents/Eclipse/plugins/fr.ac6.mcu.externaltools.arm-none.macos64_1.17.0.201812190825/tools/compiler/bin/../lib/gcc/arm-none-eabi/7.3.1/../../../../arm-none-eabi/lib/thumb/v7e-m/fpv4-sp/hard/libc.a(lib_a-__call_atexit.o)
 .text.atexit   0x000000000800054c        0xc /Applications/Ac6/SystemWorkbench.app/Contents/Eclipse/plugins/fr.ac6.mcu.externaltools.arm-none.macos64_1.17.0.201812190825/tools/compiler/bin/../lib/gcc/arm-none-eabi/7.3.1/../../../../arm-none-eabi/lib/thumb/v7e-m/fpv4-sp/hard/libc.a(lib_a-atexit.o)
                0x000000000800054c                atexit
 .text.__libc_fini_array
                0x0000000008000558       0x34 /Applications/Ac6/SystemWorkbench.app/Contents/Eclipse/plugins/fr.ac6.mcu.externaltools.arm-none.macos64_1.17.0.201812190825/tools/compiler/bin/../lib/gcc/arm-none-eabi/7.3.1/../../../../arm-none-eabi/lib/thumb/v7e-m/fpv4-sp/hard/libc.a(lib_a-fini.o)
                0x0000000008000558                __libc_fini_array
 .text.__retarget_lock_acquire_recursive
                0x000000000800058c        0x4 /Applications/Ac6/SystemWorkbench.app/Contents/Eclipse/plugins/fr.ac6.mcu.externaltools.arm-none.macos64_1.17.0.201812190825/tools/compiler/bin/../lib/gcc/arm-none-eabi/7.3.1/../../../../arm-none-eabi/lib/thumb/v7e-m/fpv4-sp/hard/libc.a(lib_a-lock.o)
                0x000000000800058c                __retarget_lock_acquire_recursive
 .text.__retarget_lock_release_recursive
                0x0000000008000590        0x4 /Applications/Ac6/SystemWorkbench.app/Contents/Eclipse/plugins/fr.ac6.mcu.externaltools.arm-none.macos64_1.17.0.201812190825/tools/compiler/bin/../lib/gcc/arm-none-eabi/7.3.1/../../../../arm-none-eabi/lib/thumb/v7e-m/fpv4-sp/hard/libc.a(lib_a-lock.o)
                0x0000000008000590                __retarget_lock_release_recursive
 .text.__register_exitproc
                0x0000000008000594       0xc0 /Applications/Ac6/SystemWorkbench.app/Contents/Eclipse/plugins/fr.ac6.mcu.externaltools.arm-none.macos64_1.17.0.201812190825/tools/compiler/bin/../lib/gcc/arm-none-eabi/7.3.1/../../../../arm-none-eabi/lib/thumb/v7e-m/fpv4-sp/hard/libc.a(lib_a-__atexit.o)
                0x0000000008000594                __register_exitproc
 .text.GPIO_Init
                0x0000000008000654      0x11c StdPeriph_Driver/src/stm32f4xx_gpio.o
                0x0000000008000654                GPIO_Init
 .text.GPIO_PinAFConfig
                0x0000000008000770       0x92 StdPeriph_Driver/src/stm32f4xx_gpio.o
                0x0000000008000770                GPIO_PinAFConfig
 *fill*         0x0000000008000802        0x2 
 .text.RCC_DeInit
                0x0000000008000804       0x70 StdPeriph_Driver/src/stm32f4xx_rcc.o
                0x0000000008000804                RCC_DeInit
 .text.RCC_GetClocksFreq
                0x0000000008000874      0x1f4 StdPeriph_Driver/src/stm32f4xx_rcc.o
                0x0000000008000874                RCC_GetClocksFreq
 .text.RCC_AHB1PeriphClockCmd
                0x0000000008000a68       0x40 StdPeriph_Driver/src/stm32f4xx_rcc.o
                0x0000000008000a68                RCC_AHB1PeriphClockCmd
 .text.RCC_APB1PeriphClockCmd
                0x0000000008000aa8       0x40 StdPeriph_Driver/src/stm32f4xx_rcc.o
                0x0000000008000aa8                RCC_APB1PeriphClockCmd
 .text.USART_Init
                0x0000000008000ae8      0x174 StdPeriph_Driver/src/stm32f4xx_usart.o
                0x0000000008000ae8                USART_Init
 .text.USART_Cmd
                0x0000000008000c5c       0x40 StdPeriph_Driver/src/stm32f4xx_usart.o
                0x0000000008000c5c                USART_Cmd
 .text.USART_SendData
                0x0000000008000c9c       0x24 StdPeriph_Driver/src/stm32f4xx_usart.o
                0x0000000008000c9c                USART_SendData
 .text.USART_GetFlagStatus
                0x0000000008000cc0       0x38 StdPeriph_Driver/src/stm32f4xx_usart.o
                0x0000000008000cc0                USART_GetFlagStatus
 .text.vListInitialise
                0x0000000008000cf8       0x40 Third_Party/FreeRTOS/org/Source/list.o
                0x0000000008000cf8                vListInitialise
 .text.vListInitialiseItem
                0x0000000008000d38       0x1a Third_Party/FreeRTOS/org/Source/list.o
                0x0000000008000d38                vListInitialiseItem
 .text.vListInsertEnd
                0x0000000008000d52       0x48 Third_Party/FreeRTOS/org/Source/list.o
                0x0000000008000d52                vListInsertEnd
 .text.vListInsert
                0x0000000008000d9a       0x72 Third_Party/FreeRTOS/org/Source/list.o
                0x0000000008000d9a                vListInsert
 .text.uxListRemove
                0x0000000008000e0c       0x54 Third_Party/FreeRTOS/org/Source/list.o
                0x0000000008000e0c                uxListRemove
 .text.xQueueGenericReset
                0x0000000008000e60       0xd0 Third_Party/FreeRTOS/org/Source/queue.o
                0x0000000008000e60                xQueueGenericReset
 .text.xQueueGenericCreate
                0x0000000008000f30       0x6a Third_Party/FreeRTOS/org/Source/queue.o
                0x0000000008000f30                xQueueGenericCreate
 .text.prvInitialiseNewQueue
                0x0000000008000f9a       0x46 Third_Party/FreeRTOS/org/Source/queue.o
 .text.xQueueGenericSend
                0x0000000008000fe0      0x1f4 Third_Party/FreeRTOS/org/Source/queue.o
                0x0000000008000fe0                xQueueGenericSend
 .text.xQueueGenericSendFromISR
                0x00000000080011d4      0x12e Third_Party/FreeRTOS/org/Source/queue.o
                0x00000000080011d4                xQueueGenericSendFromISR
 *fill*         0x0000000008001302        0x2 
 .text.xQueueReceive
                0x0000000008001304      0x1b8 Third_Party/FreeRTOS/org/Source/queue.o
                0x0000000008001304                xQueueReceive
 .text.xQueueSemaphoreTake
                0x00000000080014bc      0x210 Third_Party/FreeRTOS/org/Source/queue.o
                0x00000000080014bc                xQueueSemaphoreTake
 .text.prvGetDisinheritPriorityAfterTimeout
                0x00000000080016cc       0x30 Third_Party/FreeRTOS/org/Source/queue.o
 .text.prvCopyDataToQueue
                0x00000000080016fc       0xd4 Third_Party/FreeRTOS/org/Source/queue.o
 .text.prvCopyDataFromQueue
                0x00000000080017d0       0x4c Third_Party/FreeRTOS/org/Source/queue.o
 .text.prvUnlockQueue
                0x000000000800181c       0xa4 Third_Party/FreeRTOS/org/Source/queue.o
 .text.prvIsQueueEmpty
                0x00000000080018c0       0x2c Third_Party/FreeRTOS/org/Source/queue.o
 .text.prvIsQueueFull
                0x00000000080018ec       0x30 Third_Party/FreeRTOS/org/Source/queue.o
 .text.vQueueAddToRegistry
                0x000000000800191c       0x50 Third_Party/FreeRTOS/org/Source/queue.o
                0x000000000800191c                vQueueAddToRegistry
 .text.vQueueWaitForMessageRestricted
                0x000000000800196c       0x68 Third_Party/FreeRTOS/org/Source/queue.o
                0x000000000800196c                vQueueWaitForMessageRestricted
 .text.xTaskCreate
                0x00000000080019d4       0x82 Third_Party/FreeRTOS/org/Source/tasks.o
                0x00000000080019d4                xTaskCreate
 .text.prvInitialiseNewTask
                0x0000000008001a56      0x11c Third_Party/FreeRTOS/org/Source/tasks.o
 *fill*         0x0000000008001b72        0x2 
 .text.prvAddNewTaskToReadyList
                0x0000000008001b74       0xdc Third_Party/FreeRTOS/org/Source/tasks.o
 .text.vTaskDelay
                0x0000000008001c50       0x68 Third_Party/FreeRTOS/org/Source/tasks.o
                0x0000000008001c50                vTaskDelay
 .text.vTaskStartScheduler
                0x0000000008001cb8       0x98 Third_Party/FreeRTOS/org/Source/tasks.o
                0x0000000008001cb8                vTaskStartScheduler
 .text.vTaskSuspendAll
                0x0000000008001d50       0x1c Third_Party/FreeRTOS/org/Source/tasks.o
                0x0000000008001d50                vTaskSuspendAll
 .text.xTaskResumeAll
                0x0000000008001d6c      0x138 Third_Party/FreeRTOS/org/Source/tasks.o
                0x0000000008001d6c                xTaskResumeAll
 .text.xTaskGetTickCount
                0x0000000008001ea4       0x20 Third_Party/FreeRTOS/org/Source/tasks.o
                0x0000000008001ea4                xTaskGetTickCount
 .text.xTaskIncrementTick
                0x0000000008001ec4      0x170 Third_Party/FreeRTOS/org/Source/tasks.o
                0x0000000008001ec4                xTaskIncrementTick
 .text.vTaskSwitchContext
                0x0000000008002034       0xb4 Third_Party/FreeRTOS/org/Source/tasks.o
                0x0000000008002034                vTaskSwitchContext
 .text.vTaskPlaceOnEventList
                0x00000000080020e8       0x48 Third_Party/FreeRTOS/org/Source/tasks.o
                0x00000000080020e8                vTaskPlaceOnEventList
 .text.vTaskPlaceOnEventListRestricted
                0x0000000008002130       0x54 Third_Party/FreeRTOS/org/Source/tasks.o
                0x0000000008002130                vTaskPlaceOnEventListRestricted
 .text.xTaskRemoveFromEventList
                0x0000000008002184       0xc4 Third_Party/FreeRTOS/org/Source/tasks.o
                0x0000000008002184                xTaskRemoveFromEventList
 .text.vTaskInternalSetTimeOutState
                0x0000000008002248       0x2c Third_Party/FreeRTOS/org/Source/tasks.o
                0x0000000008002248                vTaskInternalSetTimeOutState
 .text.xTaskCheckForTimeOut
                0x0000000008002274       0xc0 Third_Party/FreeRTOS/org/Source/tasks.o
                0x0000000008002274                xTaskCheckForTimeOut
 .text.vTaskMissedYield
                0x0000000008002334       0x18 Third_Party/FreeRTOS/org/Source/tasks.o
                0x0000000008002334                vTaskMissedYield
 .text.prvIdleTask
                0x000000000800234c       0x30 Third_Party/FreeRTOS/org/Source/tasks.o
 .text.prvInitialiseTaskLists
                0x000000000800237c       0x80 Third_Party/FreeRTOS/org/Source/tasks.o
 .text.prvCheckTasksWaitingTermination
                0x00000000080023fc       0x58 Third_Party/FreeRTOS/org/Source/tasks.o
 .text.prvDeleteTCB
                0x0000000008002454       0x20 Third_Party/FreeRTOS/org/Source/tasks.o
 .text.prvResetNextTaskUnblockTime
                0x0000000008002474       0x40 Third_Party/FreeRTOS/org/Source/tasks.o
 .text.xTaskGetSchedulerState
                0x00000000080024b4       0x3c Third_Party/FreeRTOS/org/Source/tasks.o
                0x00000000080024b4                xTaskGetSchedulerState
 .text.xTaskPriorityInherit
                0x00000000080024f0       0xec Third_Party/FreeRTOS/org/Source/tasks.o
                0x00000000080024f0                xTaskPriorityInherit
 .text.xTaskPriorityDisinherit
                0x00000000080025dc      0x108 Third_Party/FreeRTOS/org/Source/tasks.o
                0x00000000080025dc                xTaskPriorityDisinherit
 .text.vTaskPriorityDisinheritAfterTimeout
                0x00000000080026e4      0x118 Third_Party/FreeRTOS/org/Source/tasks.o
                0x00000000080026e4                vTaskPriorityDisinheritAfterTimeout
 .text.pvTaskIncrementMutexHeldCount
                0x00000000080027fc       0x28 Third_Party/FreeRTOS/org/Source/tasks.o
                0x00000000080027fc                pvTaskIncrementMutexHeldCount
 .text.prvAddCurrentTaskToDelayedList
                0x0000000008002824       0xcc Third_Party/FreeRTOS/org/Source/tasks.o
 .text.xTimerCreateTimerTask
                0x00000000080028f0       0x64 Third_Party/FreeRTOS/org/Source/timers.o
                0x00000000080028f0                xTimerCreateTimerTask
 .text.xTimerGenericCommand
                0x0000000008002954       0x98 Third_Party/FreeRTOS/org/Source/timers.o
                0x0000000008002954                xTimerGenericCommand
 .text.prvProcessExpiredTimer
                0x00000000080029ec       0x98 Third_Party/FreeRTOS/org/Source/timers.o
 .text.prvTimerTask
                0x0000000008002a84       0x24 Third_Party/FreeRTOS/org/Source/timers.o
 .text.prvProcessTimerOrBlockTask
                0x0000000008002aa8       0x9c Third_Party/FreeRTOS/org/Source/timers.o
 .text.prvGetNextExpireTime
                0x0000000008002b44       0x48 Third_Party/FreeRTOS/org/Source/timers.o
 .text.prvSampleTimeNow
                0x0000000008002b8c       0x40 Third_Party/FreeRTOS/org/Source/timers.o
 .text.prvInsertTimerInActiveList
                0x0000000008002bcc       0x84 Third_Party/FreeRTOS/org/Source/timers.o
 .text.prvProcessReceivedCommands
                0x0000000008002c50      0x188 Third_Party/FreeRTOS/org/Source/timers.o
 .text.prvSwitchTimerLists
                0x0000000008002dd8       0xc8 Third_Party/FreeRTOS/org/Source/timers.o
 .text.prvCheckForValidListAndQueue
                0x0000000008002ea0       0x6c Third_Party/FreeRTOS/org/Source/timers.o
 .text.pxPortInitialiseStack
                0x0000000008002f0c       0x68 Third_Party/FreeRTOS/org/Source/portable/GCC/ARM_CM4F/port.o
                0x0000000008002f0c                pxPortInitialiseStack
 .text.prvTaskExitError
                0x0000000008002f74       0x54 Third_Party/FreeRTOS/org/Source/portable/GCC/ARM_CM4F/port.o
 *fill*         0x0000000008002fc8        0x8 
 .text.SVC_Handler
                0x0000000008002fd0       0x28 Third_Party/FreeRTOS/org/Source/portable/GCC/ARM_CM4F/port.o
                0x0000000008002fd0                SVC_Handler
 .text.prvPortStartFirstTask
                0x0000000008002ff8       0x28 Third_Party/FreeRTOS/org/Source/portable/GCC/ARM_CM4F/port.o
 .text.xPortStartScheduler
                0x0000000008003020      0x13c Third_Party/FreeRTOS/org/Source/portable/GCC/ARM_CM4F/port.o
                0x0000000008003020                xPortStartScheduler
 .text.vPortEnterCritical
                0x000000000800315c       0x5c Third_Party/FreeRTOS/org/Source/portable/GCC/ARM_CM4F/port.o
                0x000000000800315c                vPortEnterCritical
 .text.vPortExitCritical
                0x00000000080031b8       0x50 Third_Party/FreeRTOS/org/Source/portable/GCC/ARM_CM4F/port.o
                0x00000000080031b8                vPortExitCritical
 *fill*         0x0000000008003208        0x8 
 .text.PendSV_Handler
                0x0000000008003210       0x68 Third_Party/FreeRTOS/org/Source/portable/GCC/ARM_CM4F/port.o
                0x0000000008003210                PendSV_Handler
 .text.SysTick_Handler
                0x0000000008003278       0x40 Third_Party/FreeRTOS/org/Source/portable/GCC/ARM_CM4F/port.o
                0x0000000008003278                SysTick_Handler
 .text.vPortSetupTimerInterrupt
                0x00000000080032b8       0x48 Third_Party/FreeRTOS/org/Source/portable/GCC/ARM_CM4F/port.o
                0x00000000080032b8                vPortSetupTimerInterrupt
 .text.vPortEnableVFP
                0x0000000008003300       0x14 Third_Party/FreeRTOS/org/Source/portable/GCC/ARM_CM4F/port.o
 .text.vPortValidateInterruptPriority
                0x0000000008003314       0x7c Third_Party/FreeRTOS/org/Source/portable/GCC/ARM_CM4F/port.o
                0x0000000008003314                vPortValidateInterruptPriority
 .text.pvPortMalloc
                0x0000000008003390      0x190 Third_Party/FreeRTOS/org/Source/portable/MemMang/heap_4.o
                0x0000000008003390                pvPortMalloc
 .text.vPortFree
                0x0000000008003520       0xc0 Third_Party/FreeRTOS/org/Source/portable/MemMang/heap_4.o
                0x0000000008003520                vPortFree
 .text.prvHeapInit
                0x00000000080035e0       0xc4 Third_Party/FreeRTOS/org/Source/portable/MemMang/heap_4.o
 .text.prvInsertBlockIntoFreeList
                0x00000000080036a4       0xb4 Third_Party/FreeRTOS/org/Source/portable/MemMang/heap_4.o
 .text.main     0x0000000008003758       0xbc src/main.o
                0x0000000008003758                main
 .text.vTask1_handler
                0x0000000008003814       0x40 src/main.o
                0x0000000008003814                vTask1_handler
 .text.vTask2_handler
                0x0000000008003854       0x40 src/main.o
                0x0000000008003854                vTask2_handler
 .text.lockCritical_UART
                0x0000000008003894       0x1c src/main.o
                0x0000000008003894                lockCritical_UART
 .text.releaseCritical_UART
                0x00000000080038b0       0x1c src/main.o
                0x00000000080038b0                releaseCritical_UART
 .text.pvtSetupHardware
                0x00000000080038cc       0x10 src/main.o
 .text.pvtSetupGPIOs
                0x00000000080038dc       0x26 src/main.o
 *fill*         0x0000000008003902        0x2 
 .text.pvtSetupUART2
                0x0000000008003904       0x9c src/main.o
 .text.printmsg
                0x00000000080039a0       0x54 src/main.o
                0x00000000080039a0                printmsg
 .text.SystemInit
                0x00000000080039f4       0x6c src/system_stm32f4xx.o
                0x00000000080039f4                SystemInit
 .text.SystemCoreClockUpdate
                0x0000000008003a60      0x19c src/system_stm32f4xx.o
                0x0000000008003a60                SystemCoreClockUpdate
 .text.SetSysClock
                0x0000000008003bfc      0x12c src/system_stm32f4xx.o
 .text.Reset_Handler
                0x0000000008003d28       0x50 startup/startup_stm32.o
                0x0000000008003d28                Reset_Handler
 .text.Default_Handler
                0x0000000008003d78        0x2 startup/startup_stm32.o
                0x0000000008003d78                DMA1_Stream3_IRQHandler
                0x0000000008003d78                EXTI2_IRQHandler
                0x0000000008003d78                TIM8_CC_IRQHandler
                0x0000000008003d78                SPDIF_Rx_IRQHandler
                0x0000000008003d78                DebugMon_Handler
                0x0000000008003d78                SPI4_IRQHandler
                0x0000000008003d78                TIM1_CC_IRQHandler
                0x0000000008003d78                QuadSPI_IRQHandler
                0x0000000008003d78                DMA2_Stream5_IRQHandler
                0x0000000008003d78                HardFault_Handler
                0x0000000008003d78                DMA1_Stream5_IRQHandler
                0x0000000008003d78                PVD_IRQHandler
                0x0000000008003d78                SDIO_IRQHandler
                0x0000000008003d78                TAMP_STAMP_IRQHandler
                0x0000000008003d78                NMI_Handler
                0x0000000008003d78                CAN2_RX1_IRQHandler
                0x0000000008003d78                EXTI3_IRQHandler
                0x0000000008003d78                TIM8_TRG_COM_TIM14_IRQHandler
                0x0000000008003d78                TIM1_UP_TIM10_IRQHandler
                0x0000000008003d78                FMPI2C1_error_IRQHandler
                0x0000000008003d78                TIM8_UP_TIM13_IRQHandler
                0x0000000008003d78                I2C3_ER_IRQHandler
                0x0000000008003d78                EXTI0_IRQHandler
                0x0000000008003d78                I2C2_EV_IRQHandler
                0x0000000008003d78                DMA1_Stream2_IRQHandler
                0x0000000008003d78                CAN1_RX0_IRQHandler
                0x0000000008003d78                FPU_IRQHandler
                0x0000000008003d78                OTG_HS_WKUP_IRQHandler
                0x0000000008003d78                UsageFault_Handler
                0x0000000008003d78                CAN2_SCE_IRQHandler
                0x0000000008003d78                DMA2_Stream2_IRQHandler
                0x0000000008003d78                SPI1_IRQHandler
                0x0000000008003d78                TIM6_DAC_IRQHandler
                0x0000000008003d78                TIM1_BRK_TIM9_IRQHandler
                0x0000000008003d78                DCMI_IRQHandler
                0x0000000008003d78                CAN2_RX0_IRQHandler
                0x0000000008003d78                DMA2_Stream3_IRQHandler
                0x0000000008003d78                FMPI2C1_IRQHandler
                0x0000000008003d78                SAI2_IRQHandler
                0x0000000008003d78                USART6_IRQHandler
                0x0000000008003d78                USART3_IRQHandler
                0x0000000008003d78                CAN1_RX1_IRQHandler
                0x0000000008003d78                UART5_IRQHandler
                0x0000000008003d78                DMA2_Stream0_IRQHandler
                0x0000000008003d78                TIM4_IRQHandler
                0x0000000008003d78                I2C1_EV_IRQHandler
                0x0000000008003d78                HDMI_CEC_IRQHandler
                0x0000000008003d78                DMA1_Stream6_IRQHandler
                0x0000000008003d78                DMA1_Stream1_IRQHandler
                0x0000000008003d78                UART4_IRQHandler
                0x0000000008003d78                TIM3_IRQHandler
                0x0000000008003d78                RCC_IRQHandler
                0x0000000008003d78                TIM8_BRK_TIM12_IRQHandler
                0x0000000008003d78                Default_Handler
                0x0000000008003d78                EXTI15_10_IRQHandler
                0x0000000008003d78                ADC_IRQHandler
                0x0000000008003d78                DMA1_Stream7_IRQHandler
                0x0000000008003d78                TIM7_IRQHandler
                0x0000000008003d78                CAN2_TX_IRQHandler
                0x0000000008003d78                TIM5_IRQHandler
                0x0000000008003d78                DMA2_Stream7_IRQHandler
                0x0000000008003d78                I2C3_EV_IRQHandler
                0x0000000008003d78                EXTI9_5_IRQHandler
                0x0000000008003d78                RTC_WKUP_IRQHandler
                0x0000000008003d78                SPI2_IRQHandler
                0x0000000008003d78                OTG_HS_EP1_IN_IRQHandler
                0x0000000008003d78                MemManage_Handler
                0x0000000008003d78                DMA1_Stream0_IRQHandler
                0x0000000008003d78                CAN1_TX_IRQHandler
                0x0000000008003d78                EXTI4_IRQHandler
                0x0000000008003d78                OTG_HS_EP1_OUT_IRQHandler
                0x0000000008003d78                WWDG_IRQHandler
                0x0000000008003d78                TIM2_IRQHandler
                0x0000000008003d78                OTG_FS_WKUP_IRQHandler
                0x0000000008003d78                TIM1_TRG_COM_TIM11_IRQHandler
                0x0000000008003d78                OTG_HS_IRQHandler
                0x0000000008003d78                EXTI1_IRQHandler
                0x0000000008003d78                USART2_IRQHandler
                0x0000000008003d78                I2C2_ER_IRQHandler
                0x0000000008003d78                DMA2_Stream1_IRQHandler
                0x0000000008003d78                CAN1_SCE_IRQHandler
                0x0000000008003d78                FLASH_IRQHandler
                0x0000000008003d78                DMA2_Stream4_IRQHandler
                0x0000000008003d78                BusFault_Handler
                0x0000000008003d78                USART1_IRQHandler
                0x0000000008003d78                OTG_FS_IRQHandler
                0x0000000008003d78                SPI3_IRQHandler
                0x0000000008003d78                DMA1_Stream4_IRQHandler
                0x0000000008003d78                I2C1_ER_IRQHandler
                0x0000000008003d78                FMC_IRQHandler
                0x0000000008003d78                DMA2_Stream6_IRQHandler
                0x0000000008003d78                SAI1_IRQHandler
                0x0000000008003d78                RTC_Alarm_IRQHandler
 *(.glue_7)
 .glue_7        0x0000000008003d7a        0x0 linker stubs
 *(.glue_7t)
 .glue_7t       0x0000000008003d7a        0x0 linker stubs
 *(.eh_frame)
 *fill*         0x0000000008003d7a        0x2 
 .eh_frame      0x0000000008003d7c        0x0 /Applications/Ac6/SystemWorkbench.app/Contents/Eclipse/plugins/fr.ac6.mcu.externaltools.arm-none.macos64_1.17.0.201812190825/tools/compiler/bin/../lib/gcc/arm-none-eabi/7.3.1/thumb/v7e-m/fpv4-sp/hard/crtbegin.o
 *(.init)
 .init          0x0000000008003d7c        0x4 /Applications/Ac6/SystemWorkbench.app/Contents/Eclipse/plugins/fr.ac6.mcu.externaltools.arm-none.macos64_1.17.0.201812190825/tools/compiler/bin/../lib/gcc/arm-none-eabi/7.3.1/thumb/v7e-m/fpv4-sp/hard/crti.o
                0x0000000008003d7c                _init
 .init          0x0000000008003d80        0x8 /Applications/Ac6/SystemWorkbench.app/Contents/Eclipse/plugins/fr.ac6.mcu.externaltools.arm-none.macos64_1.17.0.201812190825/tools/compiler/bin/../lib/gcc/arm-none-eabi/7.3.1/thumb/v7e-m/fpv4-sp/hard/crtn.o
 *(.fini)
 .fini          0x0000000008003d88        0x4 /Applications/Ac6/SystemWorkbench.app/Contents/Eclipse/plugins/fr.ac6.mcu.externaltools.arm-none.macos64_1.17.0.201812190825/tools/compiler/bin/../lib/gcc/arm-none-eabi/7.3.1/thumb/v7e-m/fpv4-sp/hard/crti.o
                0x0000000008003d88                _fini
 .fini          0x0000000008003d8c        0x8 /Applications/Ac6/SystemWorkbench.app/Contents/Eclipse/plugins/fr.ac6.mcu.externaltools.arm-none.macos64_1.17.0.201812190825/tools/compiler/bin/../lib/gcc/arm-none-eabi/7.3.1/thumb/v7e-m/fpv4-sp/hard/crtn.o
                0x0000000008003d94                . = ALIGN (0x4)
                0x0000000008003d94                _etext = .

.vfp11_veneer   0x0000000008003d94        0x0
 .vfp11_veneer  0x0000000008003d94        0x0 linker stubs

.v4_bx          0x0000000008003d94        0x0
 .v4_bx         0x0000000008003d94        0x0 linker stubs

.iplt           0x0000000008003d94        0x0
 .iplt          0x0000000008003d94        0x0 /Applications/Ac6/SystemWorkbench.app/Contents/Eclipse/plugins/fr.ac6.mcu.externaltools.arm-none.macos64_1.17.0.201812190825/tools/compiler/bin/../lib/gcc/arm-none-eabi/7.3.1/thumb/v7e-m/fpv4-sp/hard/crtbegin.o

.rodata         0x0000000008003d94       0x84
                0x0000000008003d94                . = ALIGN (0x4)
 *(.rodata)
 .rodata        0x0000000008003d94        0x5 Third_Party/FreeRTOS/org/Source/tasks.o
 *fill*         0x0000000008003d99        0x3 
 .rodata        0x0000000008003d9c        0xd Third_Party/FreeRTOS/org/Source/timers.o
 *fill*         0x0000000008003da9        0x3 
 .rodata        0x0000000008003dac       0x65 src/main.o
 *(.rodata*)
 *fill*         0x0000000008003e11        0x3 
 .rodata._global_impure_ptr
                0x0000000008003e14        0x4 /Applications/Ac6/SystemWorkbench.app/Contents/Eclipse/plugins/fr.ac6.mcu.externaltools.arm-none.macos64_1.17.0.201812190825/tools/compiler/bin/../lib/gcc/arm-none-eabi/7.3.1/../../../../arm-none-eabi/lib/thumb/v7e-m/fpv4-sp/hard/libc.a(lib_a-impure.o)
                0x0000000008003e14                _global_impure_ptr
                0x0000000008003e18                . = ALIGN (0x4)

.rel.dyn        0x0000000008003e18        0x0
 .rel.iplt      0x0000000008003e18        0x0 /Applications/Ac6/SystemWorkbench.app/Contents/Eclipse/plugins/fr.ac6.mcu.externaltools.arm-none.macos64_1.17.0.201812190825/tools/compiler/bin/../lib/gcc/arm-none-eabi/7.3.1/thumb/v7e-m/fpv4-sp/hard/crtbegin.o

.ARM.extab      0x0000000008003e18        0x0
                0x0000000008003e18                . = ALIGN (0x4)
 *(.ARM.extab* .gnu.linkonce.armextab.*)
                0x0000000008003e18                . = ALIGN (0x4)

.ARM            0x0000000008003e18        0x0
                0x0000000008003e18                . = ALIGN (0x4)
                0x0000000008003e18                __exidx_start = .
 *(.ARM.exidx*)
                0x0000000008003e18                __exidx_end = .
                0x0000000008003e18                . = ALIGN (0x4)

.preinit_array  0x0000000008003e18        0x0
                0x0000000008003e18                . = ALIGN (0x4)
                0x0000000008003e18                PROVIDE (__preinit_array_start = .)
 *(.preinit_array*)
                0x0000000008003e18                PROVIDE (__preinit_array_end = .)
                0x0000000008003e18                . = ALIGN (0x4)

.init_array     0x0000000008003e18        0x8
                0x0000000008003e18                . = ALIGN (0x4)
                0x0000000008003e18                PROVIDE (__init_array_start = .)
 *(SORT_BY_NAME(.init_array.*))
 .init_array.00000
                0x0000000008003e18        0x4 /Applications/Ac6/SystemWorkbench.app/Contents/Eclipse/plugins/fr.ac6.mcu.externaltools.arm-none.macos64_1.17.0.201812190825/tools/compiler/bin/../lib/gcc/arm-none-eabi/7.3.1/../../../../arm-none-eabi/lib/thumb/v7e-m/fpv4-sp/hard/libc.a(lib_a-__call_atexit.o)
 *(.init_array*)
 .init_array    0x0000000008003e1c        0x4 /Applications/Ac6/SystemWorkbench.app/Contents/Eclipse/plugins/fr.ac6.mcu.externaltools.arm-none.macos64_1.17.0.201812190825/tools/compiler/bin/../lib/gcc/arm-none-eabi/7.3.1/thumb/v7e-m/fpv4-sp/hard/crtbegin.o
                0x0000000008003e20                PROVIDE (__init_array_end = .)
                0x0000000008003e20                . = ALIGN (0x4)

.fini_array     0x0000000008003e20        0x4
                0x0000000008003e20                . = ALIGN (0x4)
                0x0000000008003e20                PROVIDE (__fini_array_start = .)
 *(SORT_BY_NAME(.fini_array.*))
 *(.fini_array*)
 .fini_array    0x0000000008003e20        0x4 /Applications/Ac6/SystemWorkbench.app/Contents/Eclipse/plugins/fr.ac6.mcu.externaltools.arm-none.macos64_1.17.0.201812190825/tools/compiler/bin/../lib/gcc/arm-none-eabi/7.3.1/thumb/v7e-m/fpv4-sp/hard/crtbegin.o
                0x0000000008003e24                PROVIDE (__fini_array_end = .)
                0x0000000008003e24                . = ALIGN (0x4)
                0x0000000008003e24                _sidata = LOADADDR (.data)

.data           0x0000000020000000      0x454 load address 0x0000000008003e24
                0x0000000020000000                . = ALIGN (0x4)
                0x0000000020000000                _sdata = .
 *(.data)
 .data          0x0000000020000000       0x10 StdPeriph_Driver/src/stm32f4xx_rcc.o
 .data          0x0000000020000010        0x4 Third_Party/FreeRTOS/org/Source/portable/GCC/ARM_CM4F/port.o
 .data          0x0000000020000014       0x14 src/system_stm32f4xx.o
                0x0000000020000014                SystemCoreClock
                0x0000000020000018                AHBPrescTable
 *(.data*)
 .data.impure_data
                0x0000000020000028      0x428 /Applications/Ac6/SystemWorkbench.app/Contents/Eclipse/plugins/fr.ac6.mcu.externaltools.arm-none.macos64_1.17.0.201812190825/tools/compiler/bin/../lib/gcc/arm-none-eabi/7.3.1/../../../../arm-none-eabi/lib/thumb/v7e-m/fpv4-sp/hard/libc.a(lib_a-impure.o)
 .data.__atexit_recursive_mutex
                0x0000000020000450        0x4 /Applications/Ac6/SystemWorkbench.app/Contents/Eclipse/plugins/fr.ac6.mcu.externaltools.arm-none.macos64_1.17.0.201812190825/tools/compiler/bin/../lib/gcc/arm-none-eabi/7.3.1/../../../../arm-none-eabi/lib/thumb/v7e-m/fpv4-sp/hard/libc.a(lib_a-__call_atexit.o)
                0x0000000020000450                __atexit_recursive_mutex
                0x0000000020000454                . = ALIGN (0x4)
                0x0000000020000454                _edata = .

.igot.plt       0x0000000020000454        0x0 load address 0x0000000008004278
 .igot.plt      0x0000000020000454        0x0 /Applications/Ac6/SystemWorkbench.app/Contents/Eclipse/plugins/fr.ac6.mcu.externaltools.arm-none.macos64_1.17.0.201812190825/tools/compiler/bin/../lib/gcc/arm-none-eabi/7.3.1/thumb/v7e-m/fpv4-sp/hard/crtbegin.o
                0x0000000020000454                . = ALIGN (0x4)

.bss            0x0000000020000454    0x12ef0 load address 0x0000000008004278
                0x0000000020000454                _sbss = .
                0x0000000020000454                __bss_start__ = _sbss
 *(.bss)
 .bss           0x0000000020000454       0x1c /Applications/Ac6/SystemWorkbench.app/Contents/Eclipse/plugins/fr.ac6.mcu.externaltools.arm-none.macos64_1.17.0.201812190825/tools/compiler/bin/../lib/gcc/arm-none-eabi/7.3.1/thumb/v7e-m/fpv4-sp/hard/crtbegin.o
 .bss           0x0000000020000470      0x104 Third_Party/FreeRTOS/org/Source/tasks.o
                0x0000000020000470                pxCurrentTCB
 .bss           0x0000000020000574       0x3c Third_Party/FreeRTOS/org/Source/timers.o
 .bss           0x00000000200005b0        0x8 Third_Party/FreeRTOS/org/Source/portable/GCC/ARM_CM4F/port.o
 .bss           0x00000000200005b8    0x12c20 Third_Party/FreeRTOS/org/Source/portable/MemMang/heap_4.o
 .bss           0x00000000200131d8        0xc src/main.o
                0x00000000200131d8                xTaskHandle1
                0x00000000200131dc                xTaskHandle2
                0x00000000200131e0                UART_mutualEx
 *(.bss*)
 *(COMMON)
 COMMON         0x00000000200131e4       0x21 /Applications/Ac6/SystemWorkbench.app/Contents/Eclipse/plugins/fr.ac6.mcu.externaltools.arm-none.macos64_1.17.0.201812190825/tools/compiler/bin/../lib/gcc/arm-none-eabi/7.3.1/../../../../arm-none-eabi/lib/thumb/v7e-m/fpv4-sp/hard/libc.a(lib_a-lock.o)
                0x00000000200131e4                __lock___atexit_recursive_mutex
                0x00000000200131e8                __lock___arc4random_mutex
                0x00000000200131ec                __lock___env_recursive_mutex
                0x00000000200131f0                __lock___sinit_recursive_mutex
                0x00000000200131f4                __lock___malloc_recursive_mutex
                0x00000000200131f8                __lock___at_quick_exit_mutex
                0x00000000200131fc                __lock___dd_hash_mutex
                0x0000000020013200                __lock___tz_mutex
                0x0000000020013204                __lock___sfp_recursive_mutex
 *fill*         0x0000000020013205        0x3 
 COMMON         0x0000000020013208       0x40 Third_Party/FreeRTOS/org/Source/queue.o
                0x0000000020013208                xQueueRegistry
 COMMON         0x0000000020013248       0xfa src/main.o
                0x0000000020013248                usr_msg
                0x0000000020013344                . = ALIGN (0x4)
 *fill*         0x0000000020013342        0x2 
                0x0000000020013344                _ebss = .
                0x0000000020013344                __bss_end__ = _ebss

._user_heap_stack
                0x0000000020013344      0x404 load address 0x0000000008004278
                0x0000000020013348                . = ALIGN (0x8)
 *fill*         0x0000000020013344        0x4 
                0x0000000020013348                PROVIDE (end = .)
                [!provide]                        PROVIDE (_end = .)
                0x0000000020013348                . = (. + _Min_Heap_Size)
                0x0000000020013748                . = (. + _Min_Stack_Size)
 *fill*         0x0000000020013348      0x400 
                0x0000000020013748                . = ALIGN (0x8)

/DISCARD/
 libc.a(*)
 libm.a(*)
 libgcc.a(*)

.ARM.attributes
                0x0000000000000000       0x30
 *(.ARM.attributes)
 .ARM.attributes
                0x0000000000000000       0x22 /Applications/Ac6/SystemWorkbench.app/Contents/Eclipse/plugins/fr.ac6.mcu.externaltools.arm-none.macos64_1.17.0.201812190825/tools/compiler/bin/../lib/gcc/arm-none-eabi/7.3.1/thumb/v7e-m/fpv4-sp/hard/crti.o
 .ARM.attributes
                0x0000000000000022       0x34 /Applications/Ac6/SystemWorkbench.app/Contents/Eclipse/plugins/fr.ac6.mcu.externaltools.arm-none.macos64_1.17.0.201812190825/tools/compiler/bin/../lib/gcc/arm-none-eabi/7.3.1/thumb/v7e-m/fpv4-sp/hard/crtbegin.o
 .ARM.attributes
                0x0000000000000056       0x34 /Applications/Ac6/SystemWorkbench.app/Contents/Eclipse/plugins/fr.ac6.mcu.externaltools.arm-none.macos64_1.17.0.201812190825/tools/compiler/bin/../lib/gcc/arm-none-eabi/7.3.1/../../../../arm-none-eabi/lib/thumb/v7e-m/fpv4-sp/hard/libc.a(lib_a-impure.o)
 .ARM.attributes
                0x000000000000008a       0x34 /Applications/Ac6/SystemWorkbench.app/Contents/Eclipse/plugins/fr.ac6.mcu.externaltools.arm-none.macos64_1.17.0.201812190825/tools/compiler/bin/../lib/gcc/arm-none-eabi/7.3.1/../../../../arm-none-eabi/lib/thumb/v7e-m/fpv4-sp/hard/libc.a(lib_a-init.o)
 .ARM.attributes
                0x00000000000000be       0x34 /Applications/Ac6/SystemWorkbench.app/Contents/Eclipse/plugins/fr.ac6.mcu.externaltools.arm-none.macos64_1.17.0.201812190825/tools/compiler/bin/../lib/gcc/arm-none-eabi/7.3.1/../../../../arm-none-eabi/lib/thumb/v7e-m/fpv4-sp/hard/libc.a(lib_a-memset.o)
 .ARM.attributes
                0x00000000000000f2       0x34 /Applications/Ac6/SystemWorkbench.app/Contents/Eclipse/plugins/fr.ac6.mcu.externaltools.arm-none.macos64_1.17.0.201812190825/tools/compiler/bin/../lib/gcc/arm-none-eabi/7.3.1/../../../../arm-none-eabi/lib/thumb/v7e-m/fpv4-sp/hard/libc.a(lib_a-__call_atexit.o)
 .ARM.attributes
                0x0000000000000126       0x34 /Applications/Ac6/SystemWorkbench.app/Contents/Eclipse/plugins/fr.ac6.mcu.externaltools.arm-none.macos64_1.17.0.201812190825/tools/compiler/bin/../lib/gcc/arm-none-eabi/7.3.1/../../../../arm-none-eabi/lib/thumb/v7e-m/fpv4-sp/hard/libc.a(lib_a-atexit.o)
 .ARM.attributes
                0x000000000000015a       0x34 /Applications/Ac6/SystemWorkbench.app/Contents/Eclipse/plugins/fr.ac6.mcu.externaltools.arm-none.macos64_1.17.0.201812190825/tools/compiler/bin/../lib/gcc/arm-none-eabi/7.3.1/../../../../arm-none-eabi/lib/thumb/v7e-m/fpv4-sp/hard/libc.a(lib_a-fini.o)
 .ARM.attributes
                0x000000000000018e       0x34 /Applications/Ac6/SystemWorkbench.app/Contents/Eclipse/plugins/fr.ac6.mcu.externaltools.arm-none.macos64_1.17.0.201812190825/tools/compiler/bin/../lib/gcc/arm-none-eabi/7.3.1/../../../../arm-none-eabi/lib/thumb/v7e-m/fpv4-sp/hard/libc.a(lib_a-lock.o)
 .ARM.attributes
                0x00000000000001c2       0x34 /Applications/Ac6/SystemWorkbench.app/Contents/Eclipse/plugins/fr.ac6.mcu.externaltools.arm-none.macos64_1.17.0.201812190825/tools/compiler/bin/../lib/gcc/arm-none-eabi/7.3.1/../../../../arm-none-eabi/lib/thumb/v7e-m/fpv4-sp/hard/libc.a(lib_a-__atexit.o)
 .ARM.attributes
                0x00000000000001f6       0x39 StdPeriph_Driver/src/stm32f4xx_gpio.o
 .ARM.attributes
                0x000000000000022f       0x39 StdPeriph_Driver/src/stm32f4xx_rcc.o
 .ARM.attributes
                0x0000000000000268       0x39 StdPeriph_Driver/src/stm32f4xx_usart.o
 .ARM.attributes
                0x00000000000002a1       0x39 Third_Party/FreeRTOS/org/Source/list.o
 .ARM.attributes
                0x00000000000002da       0x39 Third_Party/FreeRTOS/org/Source/queue.o
 .ARM.attributes
                0x0000000000000313       0x39 Third_Party/FreeRTOS/org/Source/tasks.o
 .ARM.attributes
                0x000000000000034c       0x39 Third_Party/FreeRTOS/org/Source/timers.o
 .ARM.attributes
                0x0000000000000385       0x39 Third_Party/FreeRTOS/org/Source/portable/GCC/ARM_CM4F/port.o
 .ARM.attributes
                0x00000000000003be       0x39 Third_Party/FreeRTOS/org/Source/portable/MemMang/heap_4.o
 .ARM.attributes
                0x00000000000003f7       0x39 src/main.o
 .ARM.attributes
                0x0000000000000430       0x39 src/system_stm32f4xx.o
 .ARM.attributes
                0x0000000000000469       0x21 startup/startup_stm32.o
 .ARM.attributes
                0x000000000000048a       0x20 /Applications/Ac6/SystemWorkbench.app/Contents/Eclipse/plugins/fr.ac6.mcu.externaltools.arm-none.macos64_1.17.0.201812190825/tools/compiler/bin/../lib/gcc/arm-none-eabi/7.3.1/../../../../arm-none-eabi/lib/thumb/v7e-m/fpv4-sp/hard/libc.a(lib_a-memcpy.o)
 .ARM.attributes
                0x00000000000004aa       0x20 /Applications/Ac6/SystemWorkbench.app/Contents/Eclipse/plugins/fr.ac6.mcu.externaltools.arm-none.macos64_1.17.0.201812190825/tools/compiler/bin/../lib/gcc/arm-none-eabi/7.3.1/../../../../arm-none-eabi/lib/thumb/v7e-m/fpv4-sp/hard/libc.a(lib_a-strlen.o)
 .ARM.attributes
                0x00000000000004ca       0x22 /Applications/Ac6/SystemWorkbench.app/Contents/Eclipse/plugins/fr.ac6.mcu.externaltools.arm-none.macos64_1.17.0.201812190825/tools/compiler/bin/../lib/gcc/arm-none-eabi/7.3.1/thumb/v7e-m/fpv4-sp/hard/crtn.o
OUTPUT(STM32_HelloWOrld.elf elf32-littlearm)

.debug_frame    0x0000000000000000     0x2884
 .debug_frame   0x0000000000000000       0x2c /Applications/Ac6/SystemWorkbench.app/Contents/Eclipse/plugins/fr.ac6.mcu.externaltools.arm-none.macos64_1.17.0.201812190825/tools/compiler/bin/../lib/gcc/arm-none-eabi/7.3.1/../../../../arm-none-eabi/lib/thumb/v7e-m/fpv4-sp/hard/libc.a(lib_a-init.o)
 .debug_frame   0x000000000000002c       0x38 /Applications/Ac6/SystemWorkbench.app/Contents/Eclipse/plugins/fr.ac6.mcu.externaltools.arm-none.macos64_1.17.0.201812190825/tools/compiler/bin/../lib/gcc/arm-none-eabi/7.3.1/../../../../arm-none-eabi/lib/thumb/v7e-m/fpv4-sp/hard/libc.a(lib_a-memset.o)
 .debug_frame   0x0000000000000064       0x5c /Applications/Ac6/SystemWorkbench.app/Contents/Eclipse/plugins/fr.ac6.mcu.externaltools.arm-none.macos64_1.17.0.201812190825/tools/compiler/bin/../lib/gcc/arm-none-eabi/7.3.1/../../../../arm-none-eabi/lib/thumb/v7e-m/fpv4-sp/hard/libc.a(lib_a-__call_atexit.o)
 .debug_frame   0x00000000000000c0       0x20 /Applications/Ac6/SystemWorkbench.app/Contents/Eclipse/plugins/fr.ac6.mcu.externaltools.arm-none.macos64_1.17.0.201812190825/tools/compiler/bin/../lib/gcc/arm-none-eabi/7.3.1/../../../../arm-none-eabi/lib/thumb/v7e-m/fpv4-sp/hard/libc.a(lib_a-atexit.o)
 .debug_frame   0x00000000000000e0       0x34 /Applications/Ac6/SystemWorkbench.app/Contents/Eclipse/plugins/fr.ac6.mcu.externaltools.arm-none.macos64_1.17.0.201812190825/tools/compiler/bin/../lib/gcc/arm-none-eabi/7.3.1/../../../../arm-none-eabi/lib/thumb/v7e-m/fpv4-sp/hard/libc.a(lib_a-fini.o)
 .debug_frame   0x0000000000000114       0xb0 /Applications/Ac6/SystemWorkbench.app/Contents/Eclipse/plugins/fr.ac6.mcu.externaltools.arm-none.macos64_1.17.0.201812190825/tools/compiler/bin/../lib/gcc/arm-none-eabi/7.3.1/../../../../arm-none-eabi/lib/thumb/v7e-m/fpv4-sp/hard/libc.a(lib_a-lock.o)
 .debug_frame   0x00000000000001c4       0x34 /Applications/Ac6/SystemWorkbench.app/Contents/Eclipse/plugins/fr.ac6.mcu.externaltools.arm-none.macos64_1.17.0.201812190825/tools/compiler/bin/../lib/gcc/arm-none-eabi/7.3.1/../../../../arm-none-eabi/lib/thumb/v7e-m/fpv4-sp/hard/libc.a(lib_a-__atexit.o)
 .debug_frame   0x00000000000001f8      0x23c StdPeriph_Driver/src/stm32f4xx_gpio.o
 .debug_frame   0x0000000000000434      0x904 StdPeriph_Driver/src/stm32f4xx_rcc.o
 .debug_frame   0x0000000000000d38      0x490 StdPeriph_Driver/src/stm32f4xx_usart.o
 .debug_frame   0x00000000000011c8       0xd8 Third_Party/FreeRTOS/org/Source/list.o
 .debug_frame   0x00000000000012a0      0x530 Third_Party/FreeRTOS/org/Source/queue.o
 .debug_frame   0x00000000000017d0      0x89c Third_Party/FreeRTOS/org/Source/tasks.o
 .debug_frame   0x000000000000206c      0x38c Third_Party/FreeRTOS/org/Source/timers.o
 .debug_frame   0x00000000000023f8      0x1a8 Third_Party/FreeRTOS/org/Source/portable/GCC/ARM_CM4F/port.o
 .debug_frame   0x00000000000025a0      0x12c Third_Party/FreeRTOS/org/Source/portable/MemMang/heap_4.o
 .debug_frame   0x00000000000026cc      0x13c src/main.o
 .debug_frame   0x0000000000002808       0x7c src/system_stm32f4xx.o

.debug_info     0x0000000000000000     0xacc5
 .debug_info    0x0000000000000000      0x62b StdPeriph_Driver/src/stm32f4xx_gpio.o
 .debug_info    0x000000000000062b      0xf8e StdPeriph_Driver/src/stm32f4xx_rcc.o
 .debug_info    0x00000000000015b9      0x9d4 StdPeriph_Driver/src/stm32f4xx_usart.o
 .debug_info    0x0000000000001f8d      0xadb Third_Party/FreeRTOS/org/Source/list.o
 .debug_info    0x0000000000002a68     0x1f47 Third_Party/FreeRTOS/org/Source/queue.o
 .debug_info    0x00000000000049af     0x27c5 Third_Party/FreeRTOS/org/Source/tasks.o
 .debug_info    0x0000000000007174     0x14d9 Third_Party/FreeRTOS/org/Source/timers.o
 .debug_info    0x000000000000864d      0x533 Third_Party/FreeRTOS/org/Source/portable/GCC/ARM_CM4F/port.o
 .debug_info    0x0000000000008b80      0xcfd Third_Party/FreeRTOS/org/Source/portable/MemMang/heap_4.o
 .debug_info    0x000000000000987d      0xe05 src/main.o
 .debug_info    0x000000000000a682      0x621 src/system_stm32f4xx.o
 .debug_info    0x000000000000aca3       0x22 startup/startup_stm32.o

.debug_abbrev   0x0000000000000000     0x19f8
 .debug_abbrev  0x0000000000000000      0x1bf StdPeriph_Driver/src/stm32f4xx_gpio.o
 .debug_abbrev  0x00000000000001bf      0x1d4 StdPeriph_Driver/src/stm32f4xx_rcc.o
 .debug_abbrev  0x0000000000000393      0x187 StdPeriph_Driver/src/stm32f4xx_usart.o
 .debug_abbrev  0x000000000000051a      0x205 Third_Party/FreeRTOS/org/Source/list.o
 .debug_abbrev  0x000000000000071f      0x352 Third_Party/FreeRTOS/org/Source/queue.o
 .debug_abbrev  0x0000000000000a71      0x388 Third_Party/FreeRTOS/org/Source/tasks.o
 .debug_abbrev  0x0000000000000df9      0x2fe Third_Party/FreeRTOS/org/Source/timers.o
 .debug_abbrev  0x00000000000010f7      0x210 Third_Party/FreeRTOS/org/Source/portable/GCC/ARM_CM4F/port.o
 .debug_abbrev  0x0000000000001307      0x2d4 Third_Party/FreeRTOS/org/Source/portable/MemMang/heap_4.o
 .debug_abbrev  0x00000000000015db      0x2ae src/main.o
 .debug_abbrev  0x0000000000001889      0x15d src/system_stm32f4xx.o
 .debug_abbrev  0x00000000000019e6       0x12 startup/startup_stm32.o

.debug_aranges  0x0000000000000000      0x940
 .debug_aranges
                0x0000000000000000       0x88 StdPeriph_Driver/src/stm32f4xx_gpio.o
 .debug_aranges
                0x0000000000000088      0x1e8 StdPeriph_Driver/src/stm32f4xx_rcc.o
 .debug_aranges
                0x0000000000000270      0x100 StdPeriph_Driver/src/stm32f4xx_usart.o
 .debug_aranges
                0x0000000000000370       0x40 Third_Party/FreeRTOS/org/Source/list.o
 .debug_aranges
                0x00000000000003b0      0x130 Third_Party/FreeRTOS/org/Source/queue.o
 .debug_aranges
                0x00000000000004e0      0x1f8 Third_Party/FreeRTOS/org/Source/tasks.o
 .debug_aranges
                0x00000000000006d8       0xd8 Third_Party/FreeRTOS/org/Source/timers.o
 .debug_aranges
                0x00000000000007b0       0x80 Third_Party/FreeRTOS/org/Source/portable/GCC/ARM_CM4F/port.o
 .debug_aranges
                0x0000000000000830       0x58 Third_Party/FreeRTOS/org/Source/portable/MemMang/heap_4.o
 .debug_aranges
                0x0000000000000888       0x60 src/main.o
 .debug_aranges
                0x00000000000008e8       0x30 src/system_stm32f4xx.o
 .debug_aranges
                0x0000000000000918       0x28 startup/startup_stm32.o

.debug_ranges   0x0000000000000000      0x888
 .debug_ranges  0x0000000000000000       0x78 StdPeriph_Driver/src/stm32f4xx_gpio.o
 .debug_ranges  0x0000000000000078      0x1d8 StdPeriph_Driver/src/stm32f4xx_rcc.o
 .debug_ranges  0x0000000000000250       0xf0 StdPeriph_Driver/src/stm32f4xx_usart.o
 .debug_ranges  0x0000000000000340       0x30 Third_Party/FreeRTOS/org/Source/list.o
 .debug_ranges  0x0000000000000370      0x120 Third_Party/FreeRTOS/org/Source/queue.o
 .debug_ranges  0x0000000000000490      0x1e8 Third_Party/FreeRTOS/org/Source/tasks.o
 .debug_ranges  0x0000000000000678       0xc8 Third_Party/FreeRTOS/org/Source/timers.o
 .debug_ranges  0x0000000000000740       0x70 Third_Party/FreeRTOS/org/Source/portable/GCC/ARM_CM4F/port.o
 .debug_ranges  0x00000000000007b0       0x48 Third_Party/FreeRTOS/org/Source/portable/MemMang/heap_4.o
 .debug_ranges  0x00000000000007f8       0x50 src/main.o
 .debug_ranges  0x0000000000000848       0x20 src/system_stm32f4xx.o
 .debug_ranges  0x0000000000000868       0x20 startup/startup_stm32.o

.debug_macro    0x0000000000000000     0x25a5
 .debug_macro   0x0000000000000000      0x1fc StdPeriph_Driver/src/stm32f4xx_gpio.o
 .debug_macro   0x00000000000001fc      0x33b StdPeriph_Driver/src/stm32f4xx_gpio.o
 .debug_macro   0x0000000000000537      0x2cb StdPeriph_Driver/src/stm32f4xx_rcc.o
 .debug_macro   0x0000000000000802      0x214 StdPeriph_Driver/src/stm32f4xx_usart.o
 .debug_macro   0x0000000000000a16      0x21d StdPeriph_Driver/src/stm32f4xx_usart.o
 .debug_macro   0x0000000000000c33      0x17a Third_Party/FreeRTOS/org/Source/list.o
 .debug_macro   0x0000000000000dad      0x204 Third_Party/FreeRTOS/org/Source/queue.o
 .debug_macro   0x0000000000000fb1       0x16 Third_Party/FreeRTOS/org/Source/queue.o
 .debug_macro   0x0000000000000fc7       0x35 Third_Party/FreeRTOS/org/Source/queue.o
 .debug_macro   0x0000000000000ffc       0x80 Third_Party/FreeRTOS/org/Source/queue.o
 .debug_macro   0x000000000000107c      0x267 Third_Party/FreeRTOS/org/Source/tasks.o
 .debug_macro   0x00000000000012e3       0x10 Third_Party/FreeRTOS/org/Source/tasks.o
 .debug_macro   0x00000000000012f3      0x1cf Third_Party/FreeRTOS/org/Source/timers.o
 .debug_macro   0x00000000000014c2       0x97 Third_Party/FreeRTOS/org/Source/timers.o
 .debug_macro   0x0000000000001559      0x196 Third_Party/FreeRTOS/org/Source/portable/GCC/ARM_CM4F/port.o
 .debug_macro   0x00000000000016ef      0x1a1 Third_Party/FreeRTOS/org/Source/portable/MemMang/heap_4.o
 .debug_macro   0x0000000000001890      0x3fb src/main.o
 .debug_macro   0x0000000000001c8b       0x16 src/main.o
 .debug_macro   0x0000000000001ca1       0x97 src/main.o
 .debug_macro   0x0000000000001d38       0xfd src/main.o
 .debug_macro   0x0000000000001e35       0x10 src/main.o
 .debug_macro   0x0000000000001e45       0x10 src/main.o
 .debug_macro   0x0000000000001e55       0x1c src/main.o
 .debug_macro   0x0000000000001e71       0x52 src/main.o
 .debug_macro   0x0000000000001ec3       0x40 src/main.o
 .debug_macro   0x0000000000001f03       0x10 src/main.o
 .debug_macro   0x0000000000001f13       0x40 src/main.o
 .debug_macro   0x0000000000001f53       0xd7 src/main.o
 .debug_macro   0x000000000000202a       0x1c src/main.o
 .debug_macro   0x0000000000002046       0x3d src/main.o
 .debug_macro   0x0000000000002083       0x16 src/main.o
 .debug_macro   0x0000000000002099      0x16f src/main.o
 .debug_macro   0x0000000000002208      0x106 src/main.o
 .debug_macro   0x000000000000230e       0x7e src/main.o
 .debug_macro   0x000000000000238c      0x219 src/system_stm32f4xx.o

.debug_line     0x0000000000000000     0x7390
 .debug_line    0x0000000000000000      0x8cb StdPeriph_Driver/src/stm32f4xx_gpio.o
 .debug_line    0x00000000000008cb      0xc48 StdPeriph_Driver/src/stm32f4xx_rcc.o
 .debug_line    0x0000000000001513      0xa11 StdPeriph_Driver/src/stm32f4xx_usart.o
 .debug_line    0x0000000000001f24      0x626 Third_Party/FreeRTOS/org/Source/list.o
 .debug_line    0x000000000000254a      0xf73 Third_Party/FreeRTOS/org/Source/queue.o
 .debug_line    0x00000000000034bd     0x12c5 Third_Party/FreeRTOS/org/Source/tasks.o
 .debug_line    0x0000000000004782      0x9c4 Third_Party/FreeRTOS/org/Source/timers.o
 .debug_line    0x0000000000005146      0x759 Third_Party/FreeRTOS/org/Source/portable/GCC/ARM_CM4F/port.o
 .debug_line    0x000000000000589f      0x735 Third_Party/FreeRTOS/org/Source/portable/MemMang/heap_4.o
 .debug_line    0x0000000000005fd4      0xb68 src/main.o
 .debug_line    0x0000000000006b3c      0x7d8 src/system_stm32f4xx.o
 .debug_line    0x0000000000007314       0x7c startup/startup_stm32.o

.debug_str      0x0000000000000000    0x7a92b
 .debug_str     0x0000000000000000    0x6cf29 StdPeriph_Driver/src/stm32f4xx_gpio.o
                                      0x6d210 (size before relaxing)
 .debug_str     0x000000000006cf29      0xe86 StdPeriph_Driver/src/stm32f4xx_rcc.o
                                      0x6ddec (size before relaxing)
 .debug_str     0x000000000006ddaf      0x53a StdPeriph_Driver/src/stm32f4xx_usart.o
                                      0x6d523 (size before relaxing)
 .debug_str     0x000000000006e2e9     0x67d0 Third_Party/FreeRTOS/org/Source/list.o
                                       0xa4f2 (size before relaxing)
 .debug_str     0x0000000000074ab9     0x16d9 Third_Party/FreeRTOS/org/Source/queue.o
                                       0xbbbe (size before relaxing)
 .debug_str     0x0000000000076192     0x1b70 Third_Party/FreeRTOS/org/Source/tasks.o
                                       0xc884 (size before relaxing)
 .debug_str     0x0000000000077d02      0x529 Third_Party/FreeRTOS/org/Source/timers.o
                                       0xc013 (size before relaxing)
 .debug_str     0x000000000007822b      0x7fb Third_Party/FreeRTOS/org/Source/portable/GCC/ARM_CM4F/port.o
                                       0x868c (size before relaxing)
 .debug_str     0x0000000000078a26      0x333 Third_Party/FreeRTOS/org/Source/portable/MemMang/heap_4.o
                                       0xade5 (size before relaxing)
 .debug_str     0x0000000000078d59     0x1a87 src/main.o
                                      0x76065 (size before relaxing)
 .debug_str     0x000000000007a7e0      0x122 src/system_stm32f4xx.o
                                      0x6d16f (size before relaxing)
 .debug_str     0x000000000007a902       0x29 startup/startup_stm32.o
                                         0x73 (size before relaxing)

.comment        0x0000000000000000       0x7f
 .comment       0x0000000000000000       0x7f StdPeriph_Driver/src/stm32f4xx_gpio.o
                                         0x80 (size before relaxing)
 .comment       0x000000000000007f       0x80 StdPeriph_Driver/src/stm32f4xx_rcc.o
 .comment       0x000000000000007f       0x80 StdPeriph_Driver/src/stm32f4xx_usart.o
 .comment       0x000000000000007f       0x80 Third_Party/FreeRTOS/org/Source/list.o
 .comment       0x000000000000007f       0x80 Third_Party/FreeRTOS/org/Source/queue.o
 .comment       0x000000000000007f       0x80 Third_Party/FreeRTOS/org/Source/tasks.o
 .comment       0x000000000000007f       0x80 Third_Party/FreeRTOS/org/Source/timers.o
 .comment       0x000000000000007f       0x80 Third_Party/FreeRTOS/org/Source/portable/GCC/ARM_CM4F/port.o
 .comment       0x000000000000007f       0x80 Third_Party/FreeRTOS/org/Source/portable/MemMang/heap_4.o
 .comment       0x000000000000007f       0x80 src/main.o
 .comment       0x000000000000007f       0x80 src/system_stm32f4xx.o
