Archive member included to satisfy reference by file (symbol)

/Applications/Ac6/SystemWorkbench.app/Contents/Eclipse/plugins/fr.ac6.mcu.externaltools.arm-none.macos64_1.17.0.201812190825/tools/compiler/bin/../lib/gcc/arm-none-eabi/7.3.1/../../../../arm-none-eabi/lib/thumb/v7e-m/fpv4-sp/hard/libc.a(lib_a-errno.o)
                              src/syscalls.o (__errno)
/Applications/Ac6/SystemWorkbench.app/Contents/Eclipse/plugins/fr.ac6.mcu.externaltools.arm-none.macos64_1.17.0.201812190825/tools/compiler/bin/../lib/gcc/arm-none-eabi/7.3.1/../../../../arm-none-eabi/lib/thumb/v7e-m/fpv4-sp/hard/libc.a(lib_a-exit.o)
                              /Applications/Ac6/SystemWorkbench.app/Contents/Eclipse/plugins/fr.ac6.mcu.externaltools.arm-none.macos64_1.17.0.201812190825/tools/compiler/bin/../lib/gcc/arm-none-eabi/7.3.1/../../../../arm-none-eabi/lib/thumb/v7e-m/fpv4-sp/hard/crt0.o (exit)
/Applications/Ac6/SystemWorkbench.app/Contents/Eclipse/plugins/fr.ac6.mcu.externaltools.arm-none.macos64_1.17.0.201812190825/tools/compiler/bin/../lib/gcc/arm-none-eabi/7.3.1/../../../../arm-none-eabi/lib/thumb/v7e-m/fpv4-sp/hard/libc.a(lib_a-impure.o)
                              /Applications/Ac6/SystemWorkbench.app/Contents/Eclipse/plugins/fr.ac6.mcu.externaltools.arm-none.macos64_1.17.0.201812190825/tools/compiler/bin/../lib/gcc/arm-none-eabi/7.3.1/../../../../arm-none-eabi/lib/thumb/v7e-m/fpv4-sp/hard/libc.a(lib_a-exit.o) (_global_impure_ptr)
/Applications/Ac6/SystemWorkbench.app/Contents/Eclipse/plugins/fr.ac6.mcu.externaltools.arm-none.macos64_1.17.0.201812190825/tools/compiler/bin/../lib/gcc/arm-none-eabi/7.3.1/../../../../arm-none-eabi/lib/thumb/v7e-m/fpv4-sp/hard/libc.a(lib_a-init.o)
                              /Applications/Ac6/SystemWorkbench.app/Contents/Eclipse/plugins/fr.ac6.mcu.externaltools.arm-none.macos64_1.17.0.201812190825/tools/compiler/bin/../lib/gcc/arm-none-eabi/7.3.1/../../../../arm-none-eabi/lib/thumb/v7e-m/fpv4-sp/hard/crt0.o (__libc_init_array)
/Applications/Ac6/SystemWorkbench.app/Contents/Eclipse/plugins/fr.ac6.mcu.externaltools.arm-none.macos64_1.17.0.201812190825/tools/compiler/bin/../lib/gcc/arm-none-eabi/7.3.1/../../../../arm-none-eabi/lib/thumb/v7e-m/fpv4-sp/hard/libc.a(lib_a-memcpy.o)
                              Third_Party/FreeRTOS/org/Source/queue.o (memcpy)
/Applications/Ac6/SystemWorkbench.app/Contents/Eclipse/plugins/fr.ac6.mcu.externaltools.arm-none.macos64_1.17.0.201812190825/tools/compiler/bin/../lib/gcc/arm-none-eabi/7.3.1/../../../../arm-none-eabi/lib/thumb/v7e-m/fpv4-sp/hard/libc.a(lib_a-memset.o)
                              /Applications/Ac6/SystemWorkbench.app/Contents/Eclipse/plugins/fr.ac6.mcu.externaltools.arm-none.macos64_1.17.0.201812190825/tools/compiler/bin/../lib/gcc/arm-none-eabi/7.3.1/../../../../arm-none-eabi/lib/thumb/v7e-m/fpv4-sp/hard/crt0.o (memset)
/Applications/Ac6/SystemWorkbench.app/Contents/Eclipse/plugins/fr.ac6.mcu.externaltools.arm-none.macos64_1.17.0.201812190825/tools/compiler/bin/../lib/gcc/arm-none-eabi/7.3.1/../../../../arm-none-eabi/lib/thumb/v7e-m/fpv4-sp/hard/libc.a(lib_a-sprintf.o)
                              src/main.o (sprintf)
/Applications/Ac6/SystemWorkbench.app/Contents/Eclipse/plugins/fr.ac6.mcu.externaltools.arm-none.macos64_1.17.0.201812190825/tools/compiler/bin/../lib/gcc/arm-none-eabi/7.3.1/../../../../arm-none-eabi/lib/thumb/v7e-m/fpv4-sp/hard/libc.a(lib_a-strlen.o)
                              src/main.o (strlen)
/Applications/Ac6/SystemWorkbench.app/Contents/Eclipse/plugins/fr.ac6.mcu.externaltools.arm-none.macos64_1.17.0.201812190825/tools/compiler/bin/../lib/gcc/arm-none-eabi/7.3.1/../../../../arm-none-eabi/lib/thumb/v7e-m/fpv4-sp/hard/libc.a(lib_a-svfprintf.o)
                              /Applications/Ac6/SystemWorkbench.app/Contents/Eclipse/plugins/fr.ac6.mcu.externaltools.arm-none.macos64_1.17.0.201812190825/tools/compiler/bin/../lib/gcc/arm-none-eabi/7.3.1/../../../../arm-none-eabi/lib/thumb/v7e-m/fpv4-sp/hard/libc.a(lib_a-sprintf.o) (_svfprintf_r)
/Applications/Ac6/SystemWorkbench.app/Contents/Eclipse/plugins/fr.ac6.mcu.externaltools.arm-none.macos64_1.17.0.201812190825/tools/compiler/bin/../lib/gcc/arm-none-eabi/7.3.1/../../../../arm-none-eabi/lib/thumb/v7e-m/fpv4-sp/hard/libc.a(lib_a-__call_atexit.o)
                              /Applications/Ac6/SystemWorkbench.app/Contents/Eclipse/plugins/fr.ac6.mcu.externaltools.arm-none.macos64_1.17.0.201812190825/tools/compiler/bin/../lib/gcc/arm-none-eabi/7.3.1/../../../../arm-none-eabi/lib/thumb/v7e-m/fpv4-sp/hard/libc.a(lib_a-exit.o) (__call_exitprocs)
/Applications/Ac6/SystemWorkbench.app/Contents/Eclipse/plugins/fr.ac6.mcu.externaltools.arm-none.macos64_1.17.0.201812190825/tools/compiler/bin/../lib/gcc/arm-none-eabi/7.3.1/../../../../arm-none-eabi/lib/thumb/v7e-m/fpv4-sp/hard/libc.a(lib_a-atexit.o)
[...]
Memory Configuration

Name             Origin             Length             Attributes
RAM              0x0000000020000000 0x0000000000020000 xrw
ROM              0x0000000008000000 0x0000000000080000 xr
*default*        0x0000000000000000 0xffffffffffffffff

Linker script and memory map

LOAD /Applications/Ac6/SystemWorkbench.app/Contents/Eclipse/plugins/fr.ac6.mcu.externaltools.arm-none.macos64_1.17.0.201812190825/tools/compiler/bin/../lib/gcc/arm-none-eabi/7.3.1/thumb/v7e-m/fpv4-sp/hard/crti.o
LOAD /Applications/Ac6/SystemWorkbench.app/Contents/Eclipse/plugins/fr.ac6.mcu.externaltools.arm-none.macos64_1.17.0.201812190825/tools/compiler/bin/../lib/gcc/arm-none-eabi/7.3.1/thumb/v7e-m/fpv4-sp/hard/crtbegin.o
LOAD /Applications/Ac6/SystemWorkbench.app/Contents/Eclipse/plugins/fr.ac6.mcu.externaltools.arm-none.macos64_1.17.0.201812190825/tools/compiler/bin/../lib/gcc/arm-none-eabi/7.3.1/../../../../arm-none-eabi/lib/thumb/v7e-m/fpv4-sp/hard/crt0.o
LOAD StdPeriph_Driver/src/misc.o
LOAD StdPeriph_Driver/src/stm32f4xx_adc.o
LOAD StdPeriph_Driver/src/stm32f4xx_can.o
LOAD StdPeriph_Driver/src/stm32f4xx_cec.o
LOAD StdPeriph_Driver/src/stm32f4xx_crc.o
LOAD StdPeriph_Driver/src/stm32f4xx_cryp.o
LOAD StdPeriph_Driver/src/stm32f4xx_cryp_aes.o
LOAD StdPeriph_Driver/src/stm32f4xx_cryp_des.o
LOAD StdPeriph_Driver/src/stm32f4xx_cryp_tdes.o
LOAD StdPeriph_Driver/src/stm32f4xx_dac.o
LOAD StdPeriph_Driver/src/stm32f4xx_dbgmcu.o
LOAD StdPeriph_Driver/src/stm32f4xx_dcmi.o
LOAD StdPeriph_Driver/src/stm32f4xx_dfsdm.o
LOAD StdPeriph_Driver/src/stm32f4xx_dma.o
LOAD StdPeriph_Driver/src/stm32f4xx_dma2d.o
LOAD StdPeriph_Driver/src/stm32f4xx_dsi.o
LOAD StdPeriph_Driver/src/stm32f4xx_exti.o
LOAD StdPeriph_Driver/src/stm32f4xx_flash.o
LOAD StdPeriph_Driver/src/stm32f4xx_flash_ramfunc.o
LOAD StdPeriph_Driver/src/stm32f4xx_fmc.o
LOAD StdPeriph_Driver/src/stm32f4xx_fmip2c.o
LOAD StdPeriph_Driver/src/stm32f4xx_fsmc.o
LOAD StdPeriph_Driver/src/stm32f4xx_gpio.o
LOAD StdPeriph_Driver/src/stm32f4xx_hash.o
LOAD StdPeriph_Driver/src/stm32f4xx_hash_md5.o
LOAD StdPeriph_Driver/src/stm32f4xx_hash_sha1.o
LOAD StdPeriph_Driver/src/stm32f4xx_i2c.o
LOAD StdPeriph_Driver/src/stm32f4xx_iwdg.o
LOAD StdPeriph_Driver/src/stm32f4xx_lptim.o
LOAD StdPeriph_Driver/src/stm32f4xx_ltdc.o
LOAD StdPeriph_Driver/src/stm32f4xx_pwr.o
LOAD StdPeriph_Driver/src/stm32f4xx_qspi.o
LOAD StdPeriph_Driver/src/stm32f4xx_rcc.o
LOAD StdPeriph_Driver/src/stm32f4xx_rng.o
LOAD StdPeriph_Driver/src/stm32f4xx_rtc.o
LOAD StdPeriph_Driver/src/stm32f4xx_sai.o
LOAD StdPeriph_Driver/src/stm32f4xx_sdio.o
LOAD StdPeriph_Driver/src/stm32f4xx_spdifrx.o
LOAD StdPeriph_Driver/src/stm32f4xx_spi.o
LOAD StdPeriph_Driver/src/stm32f4xx_syscfg.o
LOAD StdPeriph_Driver/src/stm32f4xx_tim.o
LOAD StdPeriph_Driver/src/stm32f4xx_usart.o
LOAD StdPeriph_Driver/src/stm32f4xx_wwdg.o
LOAD Third_Party/FreeRTOS/org/Source/croutine.o
LOAD Third_Party/FreeRTOS/org/Source/event_groups.o
LOAD Third_Party/FreeRTOS/org/Source/list.o
LOAD Third_Party/FreeRTOS/org/Source/queue.o
LOAD Third_Party/FreeRTOS/org/Source/stream_buffer.o
LOAD Third_Party/FreeRTOS/org/Source/tasks.o
LOAD Third_Party/FreeRTOS/org/Source/timers.o
LOAD Third_Party/FreeRTOS/org/Source/portable/GCC/ARM_CM4F/port.o
LOAD Third_Party/FreeRTOS/org/Source/portable/MemMang/heap_4.o
LOAD src/main.o
LOAD src/syscalls.o
LOAD src/system_stm32f4xx.o
LOAD startup/startup_stm32.o
LOAD /Applications/Ac6/SystemWorkbench.app/Contents/Eclipse/plugins/fr.ac6.mcu.externaltools.arm-none.macos64_1.17.0.201812190825/tools/compiler/bin/../lib/gcc/arm-none-eabi/7.3.1/../../../../arm-none-eabi/lib/thumb/v7e-m/fpv4-sp/hard/libm.a
START GROUP
LOAD /Applications/Ac6/SystemWorkbench.app/Contents/Eclipse/plugins/fr.ac6.mcu.externaltools.arm-none.macos64_1.17.0.201812190825/tools/compiler/bin/../lib/gcc/arm-none-eabi/7.3.1/thumb/v7e-m/fpv4-sp/hard/libgcc.a
LOAD /Applications/Ac6/SystemWorkbench.app/Contents/Eclipse/plugins/fr.ac6.mcu.externaltools.arm-none.macos64_1.17.0.201812190825/tools/compiler/bin/../lib/gcc/arm-none-eabi/7.3.1/../../../../arm-none-eabi/lib/thumb/v7e-m/fpv4-sp/hard/libc.a
END GROUP
LOAD /Applications/Ac6/SystemWorkbench.app/Contents/Eclipse/plugins/fr.ac6.mcu.externaltools.arm-none.macos64_1.17.0.201812190825/tools/compiler/bin/../lib/gcc/arm-none-eabi/7.3.1/thumb/v7e-m/fpv4-sp/hard/crtend.o
LOAD /Applications/Ac6/SystemWorkbench.app/Contents/Eclipse/plugins/fr.ac6.mcu.externaltools.arm-none.macos64_1.17.0.201812190825/tools/compiler/bin/../lib/gcc/arm-none-eabi/7.3.1/thumb/v7e-m/fpv4-sp/hard/crtn.o
                0x0000000020020000                _estack = 0x20020000
                0x0000000000000000                _Min_Heap_Size = 0x0
                0x0000000000000400                _Min_Stack_Size = 0x400

.isr_vector     0x0000000008000000      0x1c4
                0x0000000008000000                . = ALIGN (0x4)
 *(.isr_vector)
 .isr_vector    0x0000000008000000      0x1c4 startup/startup_stm32.o
                0x0000000008000000                g_pfnVectors
                0x00000000080001c4                . = ALIGN (0x4)

.text           0x0000000008000200     0x8c4c
                0x0000000008000200                . = ALIGN (0x4)
 *(.text)
 .text          0x0000000008000200       0x40 /Applications/Ac6/SystemWorkbench.app/Contents/Eclipse/plugins/fr.ac6.mcu.externaltools.arm-none.macos64_1.17.0.201812190825/tools/compiler/bin/../lib/gcc/arm-none-eabi/7.3.1/thumb/v7e-m/fpv4-sp/hard/crtbegin.o
 .text          0x0000000008000240      0x134 /Applications/Ac6/SystemWorkbench.app/Contents/Eclipse/plugins/fr.ac6.mcu.externaltools.arm-none.macos64_1.17.0.201812190825/tools/compiler/bin/../lib/gcc/arm-none-eabi/7.3.1/../../../../arm-none-eabi/lib/thumb/v7e-m/fpv4-sp/hard/libc.a(lib_a-memcpy.o)
                0x0000000008000240                memcpy
 *fill*         0x0000000008000374        0xc 
 .text          0x0000000008000380       0xdc /Applications/Ac6/SystemWorkbench.app/Contents/Eclipse/plugins/fr.ac6.mcu.externaltools.arm-none.macos64_1.17.0.201812190825/tools/compiler/bin/../lib/gcc/arm-none-eabi/7.3.1/../../../../arm-none-eabi/lib/thumb/v7e-m/fpv4-sp/hard/libc.a(lib_a-strlen.o)
                0x0000000008000380                strlen
 *fill*         0x000000000800045c        0x4 
 .text          0x0000000008000460       0xa0 /Applications/Ac6/SystemWorkbench.app/Contents/Eclipse/plugins/fr.ac6.mcu.externaltools.arm-none.macos64_1.17.0.201812190825/tools/compiler/bin/../lib/gcc/arm-none-eabi/7.3.1/../../../../arm-none-eabi/lib/thumb/v7e-m/fpv4-sp/hard/libc.a(lib_a-memchr.o)
                0x0000000008000460                memchr
 .text          0x0000000008000500      0x378 /Applications/Ac6/SystemWorkbench.app/Contents/Eclipse/plugins/fr.ac6.mcu.externaltools.arm-none.macos64_1.17.0.201812190825/tools/compiler/bin/../lib/gcc/arm-none-eabi/7.3.1/thumb/v7e-m/fpv4-sp/hard/libgcc.a(_arm_addsubdf3.o)
                0x0000000008000500                __aeabi_drsub
                0x0000000008000508                __subdf3
                0x0000000008000508                __aeabi_dsub
                0x000000000800050c                __aeabi_dadd
                0x000000000800050c                __adddf3
                0x0000000008000784                __aeabi_ui2d
                0x0000000008000784                __floatunsidf
                0x00000000080007a4                __floatsidf
                0x00000000080007a4                __aeabi_i2d
                0x00000000080007c8                __extendsfdf2
                0x00000000080007c8                __aeabi_f2d
                0x000000000800080c                __aeabi_ul2d
                0x000000000800080c                __floatundidf
                0x000000000800081c                __aeabi_l2d
                0x000000000800081c                __floatdidf
 .text          0x0000000008000878      0x424 /Applications/Ac6/SystemWorkbench.app/Contents/Eclipse/plugins/fr.ac6.mcu.externaltools.arm-none.macos64_1.17.0.201812190825/tools/compiler/bin/../lib/gcc/arm-none-eabi/7.3.1/thumb/v7e-m/fpv4-sp/hard/libgcc.a(_arm_muldivdf3.o)
                0x0000000008000878                __aeabi_dmul
                0x0000000008000878                __muldf3
                0x0000000008000acc                __aeabi_ddiv
                0x0000000008000acc                __divdf3
 .text          0x0000000008000c9c      0x110 /Applications/Ac6/SystemWorkbench.app/Contents/Eclipse/plugins/fr.ac6.mcu.externaltools.arm-none.macos64_1.17.0.201812190825/tools/compiler/bin/../lib/gcc/arm-none-eabi/7.3.1/thumb/v7e-m/fpv4-sp/hard/libgcc.a(_arm_cmpdf2.o)
                0x0000000008000c9c                __gedf2
                0x0000000008000c9c                __gtdf2
                0x0000000008000ca4                __ledf2
                0x0000000008000ca4                __ltdf2
                0x0000000008000cac                __cmpdf2
                0x0000000008000cac                __eqdf2
                0x0000000008000cac                __nedf2
                0x0000000008000d28                __aeabi_cdrcmple
                0x0000000008000d38                __aeabi_cdcmple
                0x0000000008000d38                __aeabi_cdcmpeq
                0x0000000008000d48                __aeabi_dcmpeq
                0x0000000008000d5c                __aeabi_dcmplt
                0x0000000008000d70                __aeabi_dcmple
                0x0000000008000d84                __aeabi_dcmpge
                0x0000000008000d98                __aeabi_dcmpgt
 .text          0x0000000008000dac       0x2c /Applications/Ac6/SystemWorkbench.app/Contents/Eclipse/plugins/fr.ac6.mcu.externaltools.arm-none.macos64_1.17.0.201812190825/tools/compiler/bin/../lib/gcc/arm-none-eabi/7.3.1/thumb/v7e-m/fpv4-sp/hard/libgcc.a(_arm_unorddf2.o)
                0x0000000008000dac                __aeabi_dcmpun
                0x0000000008000dac                __unorddf2
 .text          0x0000000008000dd8       0x50 /Applications/Ac6/SystemWorkbench.app/Contents/Eclipse/plugins/fr.ac6.mcu.externaltools.arm-none.macos64_1.17.0.201812190825/tools/compiler/bin/../lib/gcc/arm-none-eabi/7.3.1/thumb/v7e-m/fpv4-sp/hard/libgcc.a(_arm_fixdfsi.o)
                0x0000000008000dd8                __fixdfsi
                0x0000000008000dd8                __aeabi_d2iz
 .text          0x0000000008000e28       0x30 /Applications/Ac6/SystemWorkbench.app/Contents/Eclipse/plugins/fr.ac6.mcu.externaltools.arm-none.macos64_1.17.0.201812190825/tools/compiler/bin/../lib/gcc/arm-none-eabi/7.3.1/thumb/v7e-m/fpv4-sp/hard/libgcc.a(_aeabi_uldivmod.o)
                0x0000000008000e28                __aeabi_uldivmod
 .text          0x0000000008000e58      0x2cc /Applications/Ac6/SystemWorkbench.app/Contents/Eclipse/plugins/fr.ac6.mcu.externaltools.arm-none.macos64_1.17.0.201812190825/tools/compiler/bin/../lib/gcc/arm-none-eabi/7.3.1/thumb/v7e-m/fpv4-sp/hard/libgcc.a(_udivmoddi4.o)
                0x0000000008000e58                __udivmoddi4
 .text          0x0000000008001124        0x4 /Applications/Ac6/SystemWorkbench.app/Contents/Eclipse/plugins/fr.ac6.mcu.externaltools.arm-none.macos64_1.17.0.201812190825/tools/compiler/bin/../lib/gcc/arm-none-eabi/7.3.1/thumb/v7e-m/fpv4-sp/hard/libgcc.a(_dvmd_tls.o)
                0x0000000008001124                __aeabi_ldiv0
                0x0000000008001124                __aeabi_idiv0
 *(.text*)
 .text.GPIO_Init
                0x0000000008001128      0x11c StdPeriph_Driver/src/stm32f4xx_gpio.o
                0x0000000008001128                GPIO_Init
 .text.GPIO_ReadOutputDataBit
                0x0000000008001244       0x34 StdPeriph_Driver/src/stm32f4xx_gpio.o
                0x0000000008001244                GPIO_ReadOutputDataBit
 .text.GPIO_WriteBit
                0x0000000008001278       0x30 StdPeriph_Driver/src/stm32f4xx_gpio.o
                0x0000000008001278                GPIO_WriteBit
 .text.GPIO_ToggleBits
                0x00000000080012a8       0x24 StdPeriph_Driver/src/stm32f4xx_gpio.o
                0x00000000080012a8                GPIO_ToggleBits
 .text.GPIO_PinAFConfig
                0x00000000080012cc       0x92 StdPeriph_Driver/src/stm32f4xx_gpio.o
                0x00000000080012cc                GPIO_PinAFConfig
 *fill*         0x000000000800135e        0x2 
 .text.RCC_DeInit
                0x0000000008001360       0x70 StdPeriph_Driver/src/stm32f4xx_rcc.o
                0x0000000008001360                RCC_DeInit
 .text.RCC_GetClocksFreq
                0x00000000080013d0      0x1f4 StdPeriph_Driver/src/stm32f4xx_rcc.o
                0x00000000080013d0                RCC_GetClocksFreq
 .text.RCC_AHB1PeriphClockCmd
                0x00000000080015c4       0x40 StdPeriph_Driver/src/stm32f4xx_rcc.o
                0x00000000080015c4                RCC_AHB1PeriphClockCmd
 .text.RCC_APB1PeriphClockCmd
                0x0000000008001604       0x40 StdPeriph_Driver/src/stm32f4xx_rcc.o
                0x0000000008001604                RCC_APB1PeriphClockCmd
 .text.RTC_GetTime
                0x0000000008001644       0xa4 StdPeriph_Driver/src/stm32f4xx_rtc.o
                0x0000000008001644                RTC_GetTime
 .text.RTC_GetDate
                0x00000000080016e8       0x9c StdPeriph_Driver/src/stm32f4xx_rtc.o
                0x00000000080016e8                RTC_GetDate
 .text.RTC_Bcd2ToByte
                0x0000000008001784       0x38 StdPeriph_Driver/src/stm32f4xx_rtc.o
 .text.USART_Init
                0x00000000080017bc      0x174 StdPeriph_Driver/src/stm32f4xx_usart.o
                0x00000000080017bc                USART_Init
 .text.USART_Cmd
                0x0000000008001930       0x40 StdPeriph_Driver/src/stm32f4xx_usart.o
                0x0000000008001930                USART_Cmd
 .text.USART_SendData
                0x0000000008001970       0x24 StdPeriph_Driver/src/stm32f4xx_usart.o
                0x0000000008001970                USART_SendData
 .text.USART_ReceiveData
                0x0000000008001994       0x20 StdPeriph_Driver/src/stm32f4xx_usart.o
                0x0000000008001994                USART_ReceiveData
 .text.USART_ITConfig
                0x00000000080019b4       0x90 StdPeriph_Driver/src/stm32f4xx_usart.o
                0x00000000080019b4                USART_ITConfig
 .text.USART_GetFlagStatus
                0x0000000008001a44       0x38 StdPeriph_Driver/src/stm32f4xx_usart.o
                0x0000000008001a44                USART_GetFlagStatus
 .text.vListInitialise
                0x0000000008001a7c       0x40 Third_Party/FreeRTOS/org/Source/list.o
                0x0000000008001a7c                vListInitialise
 .text.vListInitialiseItem
                0x0000000008001abc       0x1a Third_Party/FreeRTOS/org/Source/list.o
                0x0000000008001abc                vListInitialiseItem
 .text.vListInsertEnd
                0x0000000008001ad6       0x48 Third_Party/FreeRTOS/org/Source/list.o
                0x0000000008001ad6                vListInsertEnd
 .text.vListInsert
                0x0000000008001b1e       0x72 Third_Party/FreeRTOS/org/Source/list.o
                0x0000000008001b1e                vListInsert
 .text.uxListRemove
                0x0000000008001b90       0x54 Third_Party/FreeRTOS/org/Source/list.o
                0x0000000008001b90                uxListRemove
 .text.xQueueGenericReset
                0x0000000008001be4       0xd0 Third_Party/FreeRTOS/org/Source/queue.o
                0x0000000008001be4                xQueueGenericReset
 .text.xQueueGenericCreate
                0x0000000008001cb4       0x6a Third_Party/FreeRTOS/org/Source/queue.o
                0x0000000008001cb4                xQueueGenericCreate
 .text.prvInitialiseNewQueue
                0x0000000008001d1e       0x46 Third_Party/FreeRTOS/org/Source/queue.o
 .text.xQueueGenericSend
                0x0000000008001d64      0x1f4 Third_Party/FreeRTOS/org/Source/queue.o
                0x0000000008001d64                xQueueGenericSend
 .text.xQueueGenericSendFromISR
                0x0000000008001f58      0x12e Third_Party/FreeRTOS/org/Source/queue.o
                0x0000000008001f58                xQueueGenericSendFromISR
 *fill*         0x0000000008002086        0x2 
 .text.xQueueReceive
                0x0000000008002088      0x1b8 Third_Party/FreeRTOS/org/Source/queue.o
                0x0000000008002088                xQueueReceive
 .text.prvCopyDataToQueue
                0x0000000008002240       0xd4 Third_Party/FreeRTOS/org/Source/queue.o
 .text.prvCopyDataFromQueue
                0x0000000008002314       0x4c Third_Party/FreeRTOS/org/Source/queue.o
 .text.prvUnlockQueue
                0x0000000008002360       0xa4 Third_Party/FreeRTOS/org/Source/queue.o
 .text.prvIsQueueEmpty
                0x0000000008002404       0x2c Third_Party/FreeRTOS/org/Source/queue.o
 .text.prvIsQueueFull
                0x0000000008002430       0x30 Third_Party/FreeRTOS/org/Source/queue.o
 .text.vQueueAddToRegistry
                0x0000000008002460       0x50 Third_Party/FreeRTOS/org/Source/queue.o
                0x0000000008002460                vQueueAddToRegistry
 .text.vQueueWaitForMessageRestricted
                0x00000000080024b0       0x68 Third_Party/FreeRTOS/org/Source/queue.o
                0x00000000080024b0                vQueueWaitForMessageRestricted
 .text.xTaskCreate
                0x0000000008002518       0x82 Third_Party/FreeRTOS/org/Source/tasks.o
                0x0000000008002518                xTaskCreate
 .text.prvInitialiseNewTask
                0x000000000800259a      0x11c Third_Party/FreeRTOS/org/Source/tasks.o
 *fill*         0x00000000080026b6        0x2 
 .text.prvAddNewTaskToReadyList
                0x00000000080026b8       0xdc Third_Party/FreeRTOS/org/Source/tasks.o
 .text.vTaskStartScheduler
                0x0000000008002794       0x98 Third_Party/FreeRTOS/org/Source/tasks.o
                0x0000000008002794                vTaskStartScheduler
 .text.vTaskSuspendAll
                0x000000000800282c       0x1c Third_Party/FreeRTOS/org/Source/tasks.o
                0x000000000800282c                vTaskSuspendAll
 .text.xTaskResumeAll
                0x0000000008002848      0x138 Third_Party/FreeRTOS/org/Source/tasks.o
                0x0000000008002848                xTaskResumeAll
 .text.xTaskGetTickCount
                0x0000000008002980       0x20 Third_Party/FreeRTOS/org/Source/tasks.o
                0x0000000008002980                xTaskGetTickCount
 .text.xTaskIncrementTick
                0x00000000080029a0      0x170 Third_Party/FreeRTOS/org/Source/tasks.o
                0x00000000080029a0                xTaskIncrementTick
 .text.vTaskSwitchContext
                0x0000000008002b10       0xb4 Third_Party/FreeRTOS/org/Source/tasks.o
                0x0000000008002b10                vTaskSwitchContext
 .text.vTaskPlaceOnEventList
                0x0000000008002bc4       0x48 Third_Party/FreeRTOS/org/Source/tasks.o
                0x0000000008002bc4                vTaskPlaceOnEventList
 .text.vTaskPlaceOnEventListRestricted
                0x0000000008002c0c       0x54 Third_Party/FreeRTOS/org/Source/tasks.o
                0x0000000008002c0c                vTaskPlaceOnEventListRestricted
 .text.xTaskRemoveFromEventList
                0x0000000008002c60       0xc4 Third_Party/FreeRTOS/org/Source/tasks.o
                0x0000000008002c60                xTaskRemoveFromEventList
 .text.vTaskInternalSetTimeOutState
                0x0000000008002d24       0x2c Third_Party/FreeRTOS/org/Source/tasks.o
                0x0000000008002d24                vTaskInternalSetTimeOutState
 .text.xTaskCheckForTimeOut
                0x0000000008002d50       0xc0 Third_Party/FreeRTOS/org/Source/tasks.o
                0x0000000008002d50                xTaskCheckForTimeOut
 .text.vTaskMissedYield
                0x0000000008002e10       0x18 Third_Party/FreeRTOS/org/Source/tasks.o
                0x0000000008002e10                vTaskMissedYield
 .text.prvIdleTask
                0x0000000008002e28       0x30 Third_Party/FreeRTOS/org/Source/tasks.o
 .text.prvInitialiseTaskLists
                0x0000000008002e58       0x80 Third_Party/FreeRTOS/org/Source/tasks.o
 .text.prvCheckTasksWaitingTermination
                0x0000000008002ed8       0x58 Third_Party/FreeRTOS/org/Source/tasks.o
 .text.prvDeleteTCB
                0x0000000008002f30       0x20 Third_Party/FreeRTOS/org/Source/tasks.o
 .text.prvResetNextTaskUnblockTime
                0x0000000008002f50       0x40 Third_Party/FreeRTOS/org/Source/tasks.o
 .text.xTaskGetSchedulerState
                0x0000000008002f90       0x3c Third_Party/FreeRTOS/org/Source/tasks.o
                0x0000000008002f90                xTaskGetSchedulerState
 .text.xTaskPriorityDisinherit
                0x0000000008002fcc      0x108 Third_Party/FreeRTOS/org/Source/tasks.o
                0x0000000008002fcc                xTaskPriorityDisinherit
 .text.xTaskNotifyWait
                0x00000000080030d4       0xb4 Third_Party/FreeRTOS/org/Source/tasks.o
                0x00000000080030d4                xTaskNotifyWait
 .text.xTaskGenericNotifyFromISR
                0x0000000008003188      0x1b0 Third_Party/FreeRTOS/org/Source/tasks.o
                0x0000000008003188                xTaskGenericNotifyFromISR
 .text.prvAddCurrentTaskToDelayedList
                0x0000000008003338       0xcc Third_Party/FreeRTOS/org/Source/tasks.o
 .text.xTimerCreateTimerTask
                0x0000000008003404       0x64 Third_Party/FreeRTOS/org/Source/timers.o
                0x0000000008003404                xTimerCreateTimerTask
 .text.xTimerCreate
                0x0000000008003468       0x42 Third_Party/FreeRTOS/org/Source/timers.o
                0x0000000008003468                xTimerCreate
 .text.prvInitialiseNewTimer
                0x00000000080034aa       0x74 Third_Party/FreeRTOS/org/Source/timers.o
 *fill*         0x000000000800351e        0x2 
 .text.xTimerGenericCommand
                0x0000000008003520       0x98 Third_Party/FreeRTOS/org/Source/timers.o
                0x0000000008003520                xTimerGenericCommand
 .text.prvProcessExpiredTimer
                0x00000000080035b8       0x98 Third_Party/FreeRTOS/org/Source/timers.o
 .text.prvTimerTask
                0x0000000008003650       0x24 Third_Party/FreeRTOS/org/Source/timers.o
 .text.prvProcessTimerOrBlockTask
                0x0000000008003674       0x9c Third_Party/FreeRTOS/org/Source/timers.o
 .text.prvGetNextExpireTime
                0x0000000008003710       0x48 Third_Party/FreeRTOS/org/Source/timers.o
 .text.prvSampleTimeNow
                0x0000000008003758       0x40 Third_Party/FreeRTOS/org/Source/timers.o
 .text.prvInsertTimerInActiveList
                0x0000000008003798       0x84 Third_Party/FreeRTOS/org/Source/timers.o
 .text.prvProcessReceivedCommands
                0x000000000800381c      0x188 Third_Party/FreeRTOS/org/Source/timers.o
 .text.prvSwitchTimerLists
                0x00000000080039a4       0xc8 Third_Party/FreeRTOS/org/Source/timers.o
 .text.prvCheckForValidListAndQueue
                0x0000000008003a6c       0x6c Third_Party/FreeRTOS/org/Source/timers.o
 .text.pxPortInitialiseStack
                0x0000000008003ad8       0x68 Third_Party/FreeRTOS/org/Source/portable/GCC/ARM_CM4F/port.o
                0x0000000008003ad8                pxPortInitialiseStack
 .text.prvTaskExitError
                0x0000000008003b40       0x54 Third_Party/FreeRTOS/org/Source/portable/GCC/ARM_CM4F/port.o
 *fill*         0x0000000008003b94        0xc 
 .text.SVC_Handler
                0x0000000008003ba0       0x28 Third_Party/FreeRTOS/org/Source/portable/GCC/ARM_CM4F/port.o
                0x0000000008003ba0                SVC_Handler
 .text.prvPortStartFirstTask
                0x0000000008003bc8       0x28 Third_Party/FreeRTOS/org/Source/portable/GCC/ARM_CM4F/port.o
 .text.xPortStartScheduler
                0x0000000008003bf0      0x13c Third_Party/FreeRTOS/org/Source/portable/GCC/ARM_CM4F/port.o
                0x0000000008003bf0                xPortStartScheduler
 .text.vPortEnterCritical
                0x0000000008003d2c       0x5c Third_Party/FreeRTOS/org/Source/portable/GCC/ARM_CM4F/port.o
                0x0000000008003d2c                vPortEnterCritical
 .text.vPortExitCritical
                0x0000000008003d88       0x50 Third_Party/FreeRTOS/org/Source/portable/GCC/ARM_CM4F/port.o
                0x0000000008003d88                vPortExitCritical
 *fill*         0x0000000008003dd8        0x8 
 .text.PendSV_Handler
                0x0000000008003de0       0x68 Third_Party/FreeRTOS/org/Source/portable/GCC/ARM_CM4F/port.o
                0x0000000008003de0                PendSV_Handler
 .text.SysTick_Handler
                0x0000000008003e48       0x40 Third_Party/FreeRTOS/org/Source/portable/GCC/ARM_CM4F/port.o
                0x0000000008003e48                SysTick_Handler
 .text.vPortSetupTimerInterrupt
                0x0000000008003e88       0x48 Third_Party/FreeRTOS/org/Source/portable/GCC/ARM_CM4F/port.o
                0x0000000008003e88                vPortSetupTimerInterrupt
 .text.vPortEnableVFP
                0x0000000008003ed0       0x14 Third_Party/FreeRTOS/org/Source/portable/GCC/ARM_CM4F/port.o
 .text.vPortValidateInterruptPriority
                0x0000000008003ee4       0x7c Third_Party/FreeRTOS/org/Source/portable/GCC/ARM_CM4F/port.o
                0x0000000008003ee4                vPortValidateInterruptPriority
 .text.pvPortMalloc
                0x0000000008003f60      0x190 Third_Party/FreeRTOS/org/Source/portable/MemMang/heap_4.o
                0x0000000008003f60                pvPortMalloc
 .text.vPortFree
                0x00000000080040f0       0xc0 Third_Party/FreeRTOS/org/Source/portable/MemMang/heap_4.o
                0x00000000080040f0                vPortFree
 .text.prvHeapInit
                0x00000000080041b0       0xc4 Third_Party/FreeRTOS/org/Source/portable/MemMang/heap_4.o
 .text.prvInsertBlockIntoFreeList
                0x0000000008004274       0xb4 Third_Party/FreeRTOS/org/Source/portable/MemMang/heap_4.o
 .text.NVIC_EnableIRQ
                0x0000000008004328       0x34 src/main.o
 .text.NVIC_SetPriority
                0x000000000800435c       0x54 src/main.o
 .text.main     0x00000000080043b0      0x144 src/main.o
                0x00000000080043b0                main
 .text.cmd_handling_task
                0x00000000080044f4       0x60 src/main.o
                0x00000000080044f4                cmd_handling_task
 .text.getCommandCode
                0x0000000008004554       0x1c src/main.o
                0x0000000008004554                getCommandCode
 .text.getArguements
                0x0000000008004570       0x14 src/main.o
                0x0000000008004570                getArguements
 .text.cmd_processing_task
                0x0000000008004584       0x94 src/main.o
                0x0000000008004584                cmd_processing_task
 .text.make_led_on
                0x0000000008004618       0x18 src/main.o
                0x0000000008004618                make_led_on
 .text.make_led_off
                0x0000000008004630       0x18 src/main.o
                0x0000000008004630                make_led_off
 .text.led_toggle_start
                0x0000000008004648       0x54 src/main.o
                0x0000000008004648                led_toggle_start
 .text.led_toggle
                0x000000000800469c       0x14 src/main.o
                0x000000000800469c                led_toggle
 .text.led_toggle_stop
                0x00000000080046b0       0x24 src/main.o
                0x00000000080046b0                led_toggle_stop
 .text.read_led_status
                0x00000000080046d4       0x44 src/main.o
                0x00000000080046d4                read_led_status
 .text.read_rtc_info
                0x0000000008004718       0x64 src/main.o
                0x0000000008004718                read_rtc_info
 .text.print_error_msg
                0x000000000800477c        0xe src/main.o
                0x000000000800477c                print_error_msg
 *fill*         0x000000000800478a        0x2 
 .text.menu_print_task
                0x000000000800478c       0x38 src/main.o
                0x000000000800478c                menu_print_task
 .text.uart_write_task
                0x00000000080047c4       0x2c src/main.o
                0x00000000080047c4                uart_write_task
 .text.pvtSetupHardware
                0x00000000080047f0       0x10 src/main.o
 .text.pvtSetupGPIOs
                0x0000000008004800       0x80 src/main.o
 .text.pvtSetupUART2
                0x0000000008004880       0xb4 src/main.o
 .text.printmsg
                0x0000000008004934       0x54 src/main.o
                0x0000000008004934                printmsg
 .text.USART2_IRQHandler
                0x0000000008004988       0xa0 src/main.o
                0x0000000008004988                USART2_IRQHandler
 .text._sbrk    0x0000000008004a28       0x58 src/syscalls.o
                0x0000000008004a28                _sbrk
 .text.SystemInit
                0x0000000008004a80       0x6c src/system_stm32f4xx.o
                0x0000000008004a80                SystemInit
 .text.SystemCoreClockUpdate
                0x0000000008004aec      0x19c src/system_stm32f4xx.o
                0x0000000008004aec                SystemCoreClockUpdate
 .text.SetSysClock
                0x0000000008004c88      0x12c src/system_stm32f4xx.o
 .text.Reset_Handler
                0x0000000008004db4       0x50 startup/startup_stm32.o
                0x0000000008004db4                Reset_Handler
 .text.Default_Handler
                0x0000000008004e04        0x2 startup/startup_stm32.o
                0x0000000008004e04                DMA1_Stream3_IRQHandler
                0x0000000008004e04                EXTI2_IRQHandler
                0x0000000008004e04                TIM8_CC_IRQHandler
                0x0000000008004e04                SPDIF_Rx_IRQHandler
                0x0000000008004e04                DebugMon_Handler
                0x0000000008004e04                SPI4_IRQHandler
                0x0000000008004e04                TIM1_CC_IRQHandler
                0x0000000008004e04                QuadSPI_IRQHandler
                0x0000000008004e04                DMA2_Stream5_IRQHandler
                0x0000000008004e04                HardFault_Handler
                0x0000000008004e04                DMA1_Stream5_IRQHandler
                0x0000000008004e04                PVD_IRQHandler
                0x0000000008004e04                SDIO_IRQHandler
                0x0000000008004e04                TAMP_STAMP_IRQHandler
                0x0000000008004e04                NMI_Handler
                0x0000000008004e04                CAN2_RX1_IRQHandler
                0x0000000008004e04                EXTI3_IRQHandler
                0x0000000008004e04                TIM8_TRG_COM_TIM14_IRQHandler
                0x0000000008004e04                TIM1_UP_TIM10_IRQHandler
                0x0000000008004e04                FMPI2C1_error_IRQHandler
                0x0000000008004e04                TIM8_UP_TIM13_IRQHandler
                0x0000000008004e04                I2C3_ER_IRQHandler
                0x0000000008004e04                EXTI0_IRQHandler
                0x0000000008004e04                I2C2_EV_IRQHandler
                0x0000000008004e04                DMA1_Stream2_IRQHandler
                0x0000000008004e04                CAN1_RX0_IRQHandler
                0x0000000008004e04                FPU_IRQHandler
                0x0000000008004e04                OTG_HS_WKUP_IRQHandler
                0x0000000008004e04                UsageFault_Handler
                0x0000000008004e04                CAN2_SCE_IRQHandler
                0x0000000008004e04                DMA2_Stream2_IRQHandler
                0x0000000008004e04                SPI1_IRQHandler
                0x0000000008004e04                TIM6_DAC_IRQHandler
                0x0000000008004e04                TIM1_BRK_TIM9_IRQHandler
                0x0000000008004e04                DCMI_IRQHandler
                0x0000000008004e04                CAN2_RX0_IRQHandler
                0x0000000008004e04                DMA2_Stream3_IRQHandler
                0x0000000008004e04                FMPI2C1_IRQHandler
                0x0000000008004e04                SAI2_IRQHandler
                0x0000000008004e04                USART6_IRQHandler
                0x0000000008004e04                USART3_IRQHandler
                0x0000000008004e04                CAN1_RX1_IRQHandler
                0x0000000008004e04                UART5_IRQHandler
                0x0000000008004e04                DMA2_Stream0_IRQHandler
                0x0000000008004e04                TIM4_IRQHandler
                0x0000000008004e04                I2C1_EV_IRQHandler
                0x0000000008004e04                HDMI_CEC_IRQHandler
                0x0000000008004e04                DMA1_Stream6_IRQHandler
                0x0000000008004e04                DMA1_Stream1_IRQHandler
                0x0000000008004e04                UART4_IRQHandler
                0x0000000008004e04                TIM3_IRQHandler
                0x0000000008004e04                RCC_IRQHandler
                0x0000000008004e04                TIM8_BRK_TIM12_IRQHandler
                0x0000000008004e04                Default_Handler
                0x0000000008004e04                EXTI15_10_IRQHandler
                0x0000000008004e04                ADC_IRQHandler
                0x0000000008004e04                DMA1_Stream7_IRQHandler
                0x0000000008004e04                TIM7_IRQHandler
                0x0000000008004e04                CAN2_TX_IRQHandler
                0x0000000008004e04                TIM5_IRQHandler
                0x0000000008004e04                DMA2_Stream7_IRQHandler
                0x0000000008004e04                I2C3_EV_IRQHandler
                0x0000000008004e04                EXTI9_5_IRQHandler
                0x0000000008004e04                RTC_WKUP_IRQHandler
                0x0000000008004e04                SPI2_IRQHandler
                0x0000000008004e04                OTG_HS_EP1_IN_IRQHandler
                0x0000000008004e04                MemManage_Handler
                0x0000000008004e04                DMA1_Stream0_IRQHandler
                0x0000000008004e04                CAN1_TX_IRQHandler
                0x0000000008004e04                EXTI4_IRQHandler
                0x0000000008004e04                OTG_HS_EP1_OUT_IRQHandler
                0x0000000008004e04                WWDG_IRQHandler
                0x0000000008004e04                TIM2_IRQHandler
                0x0000000008004e04                OTG_FS_WKUP_IRQHandler
                0x0000000008004e04                TIM1_TRG_COM_TIM11_IRQHandler
                0x0000000008004e04                OTG_HS_IRQHandler
                0x0000000008004e04                EXTI1_IRQHandler
                0x0000000008004e04                I2C2_ER_IRQHandler
                0x0000000008004e04                DMA2_Stream1_IRQHandler
                0x0000000008004e04                CAN1_SCE_IRQHandler
                0x0000000008004e04                FLASH_IRQHandler
                0x0000000008004e04                DMA2_Stream4_IRQHandler
                0x0000000008004e04                BusFault_Handler
                0x0000000008004e04                USART1_IRQHandler
                0x0000000008004e04                OTG_FS_IRQHandler
                0x0000000008004e04                SPI3_IRQHandler
                0x0000000008004e04                DMA1_Stream4_IRQHandler
                0x0000000008004e04                I2C1_ER_IRQHandler
                0x0000000008004e04                FMC_IRQHandler
                0x0000000008004e04                DMA2_Stream6_IRQHandler
                0x0000000008004e04                SAI1_IRQHandler
                0x0000000008004e04                RTC_Alarm_IRQHandler
 *fill*         0x0000000008004e06        0x2 
 .text.__errno  0x0000000008004e08        0xc /Applications/Ac6/SystemWorkbench.app/Contents/Eclipse/plugins/fr.ac6.mcu.externaltools.arm-none.macos64_1.17.0.201812190825/tools/compiler/bin/../lib/gcc/arm-none-eabi/7.3.1/../../../../arm-none-eabi/lib/thumb/v7e-m/fpv4-sp/hard/libc.a(lib_a-errno.o)
                0x0000000008004e08                __errno
 .text.__libc_init_array
                0x0000000008004e14       0x48 /Applications/Ac6/SystemWorkbench.app/Contents/Eclipse/plugins/fr.ac6.mcu.externaltools.arm-none.macos64_1.17.0.201812190825/tools/compiler/bin/../lib/gcc/arm-none-eabi/7.3.1/../../../../arm-none-eabi/lib/thumb/v7e-m/fpv4-sp/hard/libc.a(lib_a-init.o)
                0x0000000008004e14                __libc_init_array
 .text.memset   0x0000000008004e5c       0x94 /Applications/Ac6/SystemWorkbench.app/Contents/Eclipse/plugins/fr.ac6.mcu.externaltools.arm-none.macos64_1.17.0.201812190825/tools/compiler/bin/../lib/gcc/arm-none-eabi/7.3.1/../../../../arm-none-eabi/lib/thumb/v7e-m/fpv4-sp/hard/libc.a(lib_a-memset.o)
                0x0000000008004e5c                memset
 .text.sprintf  0x0000000008004ef0       0x44 /Applications/Ac6/SystemWorkbench.app/Contents/Eclipse/plugins/fr.ac6.mcu.externaltools.arm-none.macos64_1.17.0.201812190825/tools/compiler/bin/../lib/gcc/arm-none-eabi/7.3.1/../../../../arm-none-eabi/lib/thumb/v7e-m/fpv4-sp/hard/libc.a(lib_a-sprintf.o)
                0x0000000008004ef0                sprintf
 *fill*         0x0000000008004f34        0x4 
 .text._svfprintf_r
                0x0000000008004f38     0x19cc /Applications/Ac6/SystemWorkbench.app/Contents/Eclipse/plugins/fr.ac6.mcu.externaltools.arm-none.macos64_1.17.0.201812190825/tools/compiler/bin/../lib/gcc/arm-none-eabi/7.3.1/../../../../arm-none-eabi/lib/thumb/v7e-m/fpv4-sp/hard/libc.a(lib_a-svfprintf.o)
                0x0000000008004f38                _svfprintf_r
 .text.startup.register_fini
                0x0000000008006904       0x14 /Applications/Ac6/SystemWorkbench.app/Contents/Eclipse/plugins/fr.ac6.mcu.externaltools.arm-none.macos64_1.17.0.201812190825/tools/compiler/bin/../lib/gcc/arm-none-eabi/7.3.1/../../../../arm-none-eabi/lib/thumb/v7e-m/fpv4-sp/hard/libc.a(lib_a-__call_atexit.o)
 .text.atexit   0x0000000008006918        0xc /Applications/Ac6/SystemWorkbench.app/Contents/Eclipse/plugins/fr.ac6.mcu.externaltools.arm-none.macos64_1.17.0.201812190825/tools/compiler/bin/../lib/gcc/arm-none-eabi/7.3.1/../../../../arm-none-eabi/lib/thumb/v7e-m/fpv4-sp/hard/libc.a(lib_a-atexit.o)
                0x0000000008006918                atexit
 .text.quorem   0x0000000008006924      0x124 /Applications/Ac6/SystemWorkbench.app/Contents/Eclipse/plugins/fr.ac6.mcu.externaltools.arm-none.macos64_1.17.0.201812190825/tools/compiler/bin/../lib/gcc/arm-none-eabi/7.3.1/../../../../arm-none-eabi/lib/thumb/v7e-m/fpv4-sp/hard/libc.a(lib_a-dtoa.o)
 .text._dtoa_r  0x0000000008006a48      0xe20 /Applications/Ac6/SystemWorkbench.app/Contents/Eclipse/plugins/fr.ac6.mcu.externaltools.arm-none.macos64_1.17.0.201812190825/tools/compiler/bin/../lib/gcc/arm-none-eabi/7.3.1/../../../../arm-none-eabi/lib/thumb/v7e-m/fpv4-sp/hard/libc.a(lib_a-dtoa.o)
                0x0000000008006a48                _dtoa_r
 .text.__libc_fini_array
                0x0000000008007868       0x34 /Applications/Ac6/SystemWorkbench.app/Contents/Eclipse/plugins/fr.ac6.mcu.externaltools.arm-none.macos64_1.17.0.201812190825/tools/compiler/bin/../lib/gcc/arm-none-eabi/7.3.1/../../../../arm-none-eabi/lib/thumb/v7e-m/fpv4-sp/hard/libc.a(lib_a-fini.o)
                0x0000000008007868                __libc_fini_array
 .text._malloc_trim_r
                0x000000000800789c       0xa0 /Applications/Ac6/SystemWorkbench.app/Contents/Eclipse/plugins/fr.ac6.mcu.externaltools.arm-none.macos64_1.17.0.201812190825/tools/compiler/bin/../lib/gcc/arm-none-eabi/7.3.1/../../../../arm-none-eabi/lib/thumb/v7e-m/fpv4-sp/hard/libc.a(lib_a-freer.o)
                0x000000000800789c                _malloc_trim_r
 .text._free_r  0x000000000800793c      0x1e8 /Applications/Ac6/SystemWorkbench.app/Contents/Eclipse/plugins/fr.ac6.mcu.externaltools.arm-none.macos64_1.17.0.201812190825/tools/compiler/bin/../lib/gcc/arm-none-eabi/7.3.1/../../../../arm-none-eabi/lib/thumb/v7e-m/fpv4-sp/hard/libc.a(lib_a-freer.o)
                0x000000000800793c                _free_r
 .text._localeconv_r
                0x0000000008007b24       0x1c /Applications/Ac6/SystemWorkbench.app/Contents/Eclipse/plugins/fr.ac6.mcu.externaltools.arm-none.macos64_1.17.0.201812190825/tools/compiler/bin/../lib/gcc/arm-none-eabi/7.3.1/../../../../arm-none-eabi/lib/thumb/v7e-m/fpv4-sp/hard/libc.a(lib_a-localeconv.o)
                0x0000000008007b24                _localeconv_r
 .text.__retarget_lock_acquire_recursive
                0x0000000008007b40        0x4 /Applications/Ac6/SystemWorkbench.app/Contents/Eclipse/plugins/fr.ac6.mcu.externaltools.arm-none.macos64_1.17.0.201812190825/tools/compiler/bin/../lib/gcc/arm-none-eabi/7.3.1/../../../../arm-none-eabi/lib/thumb/v7e-m/fpv4-sp/hard/libc.a(lib_a-lock.o)
                0x0000000008007b40                __retarget_lock_acquire_recursive
 .text.__retarget_lock_release_recursive
                0x0000000008007b44        0x4 /Applications/Ac6/SystemWorkbench.app/Contents/Eclipse/plugins/fr.ac6.mcu.externaltools.arm-none.macos64_1.17.0.201812190825/tools/compiler/bin/../lib/gcc/arm-none-eabi/7.3.1/../../../../arm-none-eabi/lib/thumb/v7e-m/fpv4-sp/hard/libc.a(lib_a-lock.o)
                0x0000000008007b44                __retarget_lock_release_recursive
 .text._malloc_r
                0x0000000008007b48      0x548 /Applications/Ac6/SystemWorkbench.app/Contents/Eclipse/plugins/fr.ac6.mcu.externaltools.arm-none.macos64_1.17.0.201812190825/tools/compiler/bin/../lib/gcc/arm-none-eabi/7.3.1/../../../../arm-none-eabi/lib/thumb/v7e-m/fpv4-sp/hard/libc.a(lib_a-mallocr.o)
                0x0000000008007b48                _malloc_r
 .text.__malloc_lock
                0x0000000008008090        0xc /Applications/Ac6/SystemWorkbench.app/Contents/Eclipse/plugins/fr.ac6.mcu.externaltools.arm-none.macos64_1.17.0.201812190825/tools/compiler/bin/../lib/gcc/arm-none-eabi/7.3.1/../../../../arm-none-eabi/lib/thumb/v7e-m/fpv4-sp/hard/libc.a(lib_a-mlock.o)
                0x0000000008008090                __malloc_lock
 .text.__malloc_unlock
                0x000000000800809c        0xc /Applications/Ac6/SystemWorkbench.app/Contents/Eclipse/plugins/fr.ac6.mcu.externaltools.arm-none.macos64_1.17.0.201812190825/tools/compiler/bin/../lib/gcc/arm-none-eabi/7.3.1/../../../../arm-none-eabi/lib/thumb/v7e-m/fpv4-sp/hard/libc.a(lib_a-mlock.o)
                0x000000000800809c                __malloc_unlock
 .text._Balloc  0x00000000080080a8       0x4c /Applications/Ac6/SystemWorkbench.app/Contents/Eclipse/plugins/fr.ac6.mcu.externaltools.arm-none.macos64_1.17.0.201812190825/tools/compiler/bin/../lib/gcc/arm-none-eabi/7.3.1/../../../../arm-none-eabi/lib/thumb/v7e-m/fpv4-sp/hard/libc.a(lib_a-mprec.o)
                0x00000000080080a8                _Balloc
 .text._Bfree   0x00000000080080f4       0x14 /Applications/Ac6/SystemWorkbench.app/Contents/Eclipse/plugins/fr.ac6.mcu.externaltools.arm-none.macos64_1.17.0.201812190825/tools/compiler/bin/../lib/gcc/arm-none-eabi/7.3.1/../../../../arm-none-eabi/lib/thumb/v7e-m/fpv4-sp/hard/libc.a(lib_a-mprec.o)
                0x00000000080080f4                _Bfree
 .text.__multadd
                0x0000000008008108       0x80 /Applications/Ac6/SystemWorkbench.app/Contents/Eclipse/plugins/fr.ac6.mcu.externaltools.arm-none.macos64_1.17.0.201812190825/tools/compiler/bin/../lib/gcc/arm-none-eabi/7.3.1/../../../../arm-none-eabi/lib/thumb/v7e-m/fpv4-sp/hard/libc.a(lib_a-mprec.o)
                0x0000000008008108                __multadd
 .text.__hi0bits
                0x0000000008008188       0x40 /Applications/Ac6/SystemWorkbench.app/Contents/Eclipse/plugins/fr.ac6.mcu.externaltools.arm-none.macos64_1.17.0.201812190825/tools/compiler/bin/../lib/gcc/arm-none-eabi/7.3.1/../../../../arm-none-eabi/lib/thumb/v7e-m/fpv4-sp/hard/libc.a(lib_a-mprec.o)
                0x0000000008008188                __hi0bits
 .text.__lo0bits
                0x00000000080081c8       0x60 /Applications/Ac6/SystemWorkbench.app/Contents/Eclipse/plugins/fr.ac6.mcu.externaltools.arm-none.macos64_1.17.0.201812190825/tools/compiler/bin/../lib/gcc/arm-none-eabi/7.3.1/../../../../arm-none-eabi/lib/thumb/v7e-m/fpv4-sp/hard/libc.a(lib_a-mprec.o)
                0x00000000080081c8                __lo0bits
 .text.__i2b    0x0000000008008228       0x14 /Applications/Ac6/SystemWorkbench.app/Contents/Eclipse/plugins/fr.ac6.mcu.externaltools.arm-none.macos64_1.17.0.201812190825/tools/compiler/bin/../lib/gcc/arm-none-eabi/7.3.1/../../../../arm-none-eabi/lib/thumb/v7e-m/fpv4-sp/hard/libc.a(lib_a-mprec.o)
                0x0000000008008228                __i2b
 .text.__multiply
                0x000000000800823c      0x14c /Applications/Ac6/SystemWorkbench.app/Contents/Eclipse/plugins/fr.ac6.mcu.externaltools.arm-none.macos64_1.17.0.201812190825/tools/compiler/bin/../lib/gcc/arm-none-eabi/7.3.1/../../../../arm-none-eabi/lib/thumb/v7e-m/fpv4-sp/hard/libc.a(lib_a-mprec.o)
                0x000000000800823c                __multiply
 .text.__pow5mult
                0x0000000008008388       0xa0 /Applications/Ac6/SystemWorkbench.app/Contents/Eclipse/plugins/fr.ac6.mcu.externaltools.arm-none.macos64_1.17.0.201812190825/tools/compiler/bin/../lib/gcc/arm-none-eabi/7.3.1/../../../../arm-none-eabi/lib/thumb/v7e-m/fpv4-sp/hard/libc.a(lib_a-mprec.o)
                0x0000000008008388                __pow5mult
 .text.__lshift
                0x0000000008008428       0xac /Applications/Ac6/SystemWorkbench.app/Contents/Eclipse/plugins/fr.ac6.mcu.externaltools.arm-none.macos64_1.17.0.201812190825/tools/compiler/bin/../lib/gcc/arm-none-eabi/7.3.1/../../../../arm-none-eabi/lib/thumb/v7e-m/fpv4-sp/hard/libc.a(lib_a-mprec.o)
                0x0000000008008428                __lshift
 .text.__mcmp   0x00000000080084d4       0x38 /Applications/Ac6/SystemWorkbench.app/Contents/Eclipse/plugins/fr.ac6.mcu.externaltools.arm-none.macos64_1.17.0.201812190825/tools/compiler/bin/../lib/gcc/arm-none-eabi/7.3.1/../../../../arm-none-eabi/lib/thumb/v7e-m/fpv4-sp/hard/libc.a(lib_a-mprec.o)
                0x00000000080084d4                __mcmp
 .text.__mdiff  0x000000000800850c       0xec /Applications/Ac6/SystemWorkbench.app/Contents/Eclipse/plugins/fr.ac6.mcu.externaltools.arm-none.macos64_1.17.0.201812190825/tools/compiler/bin/../lib/gcc/arm-none-eabi/7.3.1/../../../../arm-none-eabi/lib/thumb/v7e-m/fpv4-sp/hard/libc.a(lib_a-mprec.o)
                0x000000000800850c                __mdiff
 .text.__d2b    0x00000000080085f8       0xc4 /Applications/Ac6/SystemWorkbench.app/Contents/Eclipse/plugins/fr.ac6.mcu.externaltools.arm-none.macos64_1.17.0.201812190825/tools/compiler/bin/../lib/gcc/arm-none-eabi/7.3.1/../../../../arm-none-eabi/lib/thumb/v7e-m/fpv4-sp/hard/libc.a(lib_a-mprec.o)
                0x00000000080085f8                __d2b
 .text.frexp    0x00000000080086bc       0x68 /Applications/Ac6/SystemWorkbench.app/Contents/Eclipse/plugins/fr.ac6.mcu.externaltools.arm-none.macos64_1.17.0.201812190825/tools/compiler/bin/../lib/gcc/arm-none-eabi/7.3.1/../../../../arm-none-eabi/lib/thumb/v7e-m/fpv4-sp/hard/libc.a(lib_a-s_frexp.o)
                0x00000000080086bc                frexp
 .text._sbrk_r  0x0000000008008724       0x24 /Applications/Ac6/SystemWorkbench.app/Contents/Eclipse/plugins/fr.ac6.mcu.externaltools.arm-none.macos64_1.17.0.201812190825/tools/compiler/bin/../lib/gcc/arm-none-eabi/7.3.1/../../../../arm-none-eabi/lib/thumb/v7e-m/fpv4-sp/hard/libc.a(lib_a-sbrkr.o)
                0x0000000008008724                _sbrk_r
 .text.strncpy  0x0000000008008748       0x64 /Applications/Ac6/SystemWorkbench.app/Contents/Eclipse/plugins/fr.ac6.mcu.externaltools.arm-none.macos64_1.17.0.201812190825/tools/compiler/bin/../lib/gcc/arm-none-eabi/7.3.1/../../../../arm-none-eabi/lib/thumb/v7e-m/fpv4-sp/hard/libc.a(lib_a-strncpy.o)
                0x0000000008008748                strncpy
 .text.__ssprint_r
                0x00000000080087ac       0xf4 /Applications/Ac6/SystemWorkbench.app/Contents/Eclipse/plugins/fr.ac6.mcu.externaltools.arm-none.macos64_1.17.0.201812190825/tools/compiler/bin/../lib/gcc/arm-none-eabi/7.3.1/../../../../arm-none-eabi/lib/thumb/v7e-m/fpv4-sp/hard/libc.a(lib_a-svfiprintf.o)
                0x00000000080087ac                __ssprint_r
 .text.__register_exitproc
                0x00000000080088a0       0xc0 /Applications/Ac6/SystemWorkbench.app/Contents/Eclipse/plugins/fr.ac6.mcu.externaltools.arm-none.macos64_1.17.0.201812190825/tools/compiler/bin/../lib/gcc/arm-none-eabi/7.3.1/../../../../arm-none-eabi/lib/thumb/v7e-m/fpv4-sp/hard/libc.a(lib_a-__atexit.o)
                0x00000000080088a0                __register_exitproc
 .text._calloc_r
                0x0000000008008960       0x68 /Applications/Ac6/SystemWorkbench.app/Contents/Eclipse/plugins/fr.ac6.mcu.externaltools.arm-none.macos64_1.17.0.201812190825/tools/compiler/bin/../lib/gcc/arm-none-eabi/7.3.1/../../../../arm-none-eabi/lib/thumb/v7e-m/fpv4-sp/hard/libc.a(lib_a-callocr.o)
                0x0000000008008960                _calloc_r
 .text.__ascii_mbtowc
                0x00000000080089c8       0x2c /Applications/Ac6/SystemWorkbench.app/Contents/Eclipse/plugins/fr.ac6.mcu.externaltools.arm-none.macos64_1.17.0.201812190825/tools/compiler/bin/../lib/gcc/arm-none-eabi/7.3.1/../../../../arm-none-eabi/lib/thumb/v7e-m/fpv4-sp/hard/libc.a(lib_a-mbtowc_r.o)
                0x00000000080089c8                __ascii_mbtowc
 .text.memmove  0x00000000080089f4       0xc8 /Applications/Ac6/SystemWorkbench.app/Contents/Eclipse/plugins/fr.ac6.mcu.externaltools.arm-none.macos64_1.17.0.201812190825/tools/compiler/bin/../lib/gcc/arm-none-eabi/7.3.1/../../../../arm-none-eabi/lib/thumb/v7e-m/fpv4-sp/hard/libc.a(lib_a-memmove.o)
                0x00000000080089f4                memmove
 .text._realloc_r
                0x0000000008008abc      0x35c /Applications/Ac6/SystemWorkbench.app/Contents/Eclipse/plugins/fr.ac6.mcu.externaltools.arm-none.macos64_1.17.0.201812190825/tools/compiler/bin/../lib/gcc/arm-none-eabi/7.3.1/../../../../arm-none-eabi/lib/thumb/v7e-m/fpv4-sp/hard/libc.a(lib_a-reallocr.o)
                0x0000000008008abc                _realloc_r
 .text.__ascii_wctomb
                0x0000000008008e18       0x1c /Applications/Ac6/SystemWorkbench.app/Contents/Eclipse/plugins/fr.ac6.mcu.externaltools.arm-none.macos64_1.17.0.201812190825/tools/compiler/bin/../lib/gcc/arm-none-eabi/7.3.1/../../../../arm-none-eabi/lib/thumb/v7e-m/fpv4-sp/hard/libc.a(lib_a-wctomb_r.o)
                0x0000000008008e18                __ascii_wctomb
 *(.glue_7)
 .glue_7        0x0000000008008e34        0x0 linker stubs
 *(.glue_7t)
 .glue_7t       0x0000000008008e34        0x0 linker stubs
 *(.eh_frame)
 .eh_frame      0x0000000008008e34        0x0 /Applications/Ac6/SystemWorkbench.app/Contents/Eclipse/plugins/fr.ac6.mcu.externaltools.arm-none.macos64_1.17.0.201812190825/tools/compiler/bin/../lib/gcc/arm-none-eabi/7.3.1/thumb/v7e-m/fpv4-sp/hard/crtbegin.o
 *(.init)
 .init          0x0000000008008e34        0x4 /Applications/Ac6/SystemWorkbench.app/Contents/Eclipse/plugins/fr.ac6.mcu.externaltools.arm-none.macos64_1.17.0.201812190825/tools/compiler/bin/../lib/gcc/arm-none-eabi/7.3.1/thumb/v7e-m/fpv4-sp/hard/crti.o
                0x0000000008008e34                _init
 .init          0x0000000008008e38        0x8 /Applications/Ac6/SystemWorkbench.app/Contents/Eclipse/plugins/fr.ac6.mcu.externaltools.arm-none.macos64_1.17.0.201812190825/tools/compiler/bin/../lib/gcc/arm-none-eabi/7.3.1/thumb/v7e-m/fpv4-sp/hard/crtn.o
 *(.fini)
 .fini          0x0000000008008e40        0x4 /Applications/Ac6/SystemWorkbench.app/Contents/Eclipse/plugins/fr.ac6.mcu.externaltools.arm-none.macos64_1.17.0.201812190825/tools/compiler/bin/../lib/gcc/arm-none-eabi/7.3.1/thumb/v7e-m/fpv4-sp/hard/crti.o
                0x0000000008008e40                _fini
 .fini          0x0000000008008e44        0x8 /Applications/Ac6/SystemWorkbench.app/Contents/Eclipse/plugins/fr.ac6.mcu.externaltools.arm-none.macos64_1.17.0.201812190825/tools/compiler/bin/../lib/gcc/arm-none-eabi/7.3.1/thumb/v7e-m/fpv4-sp/hard/crtn.o
                0x0000000008008e4c                . = ALIGN (0x4)
                0x0000000008008e4c                _etext = .

.vfp11_veneer   0x0000000008008e4c        0x0
 .vfp11_veneer  0x0000000008008e4c        0x0 linker stubs

.v4_bx          0x0000000008008e4c        0x0
 .v4_bx         0x0000000008008e4c        0x0 linker stubs

.iplt           0x0000000008008e4c        0x0
 .iplt          0x0000000008008e4c        0x0 /Applications/Ac6/SystemWorkbench.app/Contents/Eclipse/plugins/fr.ac6.mcu.externaltools.arm-none.macos64_1.17.0.201812190825/tools/compiler/bin/../lib/gcc/arm-none-eabi/7.3.1/thumb/v7e-m/fpv4-sp/hard/crtbegin.o

.rodata         0x0000000008008e50      0x378
                0x0000000008008e50                . = ALIGN (0x4)
 *(.rodata)
 .rodata        0x0000000008008e50        0x5 Third_Party/FreeRTOS/org/Source/tasks.o
 *fill*         0x0000000008008e55        0x3 
 .rodata        0x0000000008008e58        0xd Third_Party/FreeRTOS/org/Source/timers.o
 *fill*         0x0000000008008e65        0x3 
 .rodata        0x0000000008008e68       0xd6 src/main.o
 *(.rodata*)
 *fill*         0x0000000008008f3e        0x2 
 .rodata._global_impure_ptr
                0x0000000008008f40        0x4 /Applications/Ac6/SystemWorkbench.app/Contents/Eclipse/plugins/fr.ac6.mcu.externaltools.arm-none.macos64_1.17.0.201812190825/tools/compiler/bin/../lib/gcc/arm-none-eabi/7.3.1/../../../../arm-none-eabi/lib/thumb/v7e-m/fpv4-sp/hard/libc.a(lib_a-impure.o)
                0x0000000008008f40                _global_impure_ptr
 .rodata._svfprintf_r.str1.4
                0x0000000008008f44       0x42 /Applications/Ac6/SystemWorkbench.app/Contents/Eclipse/plugins/fr.ac6.mcu.externaltools.arm-none.macos64_1.17.0.201812190825/tools/compiler/bin/../lib/gcc/arm-none-eabi/7.3.1/../../../../arm-none-eabi/lib/thumb/v7e-m/fpv4-sp/hard/libc.a(lib_a-svfprintf.o)
 *fill*         0x0000000008008f86        0x2 
 .rodata.blanks.8590
                0x0000000008008f88       0x10 /Applications/Ac6/SystemWorkbench.app/Contents/Eclipse/plugins/fr.ac6.mcu.externaltools.arm-none.macos64_1.17.0.201812190825/tools/compiler/bin/../lib/gcc/arm-none-eabi/7.3.1/../../../../arm-none-eabi/lib/thumb/v7e-m/fpv4-sp/hard/libc.a(lib_a-svfprintf.o)
 .rodata.zeroes.8591
                0x0000000008008f98       0x10 /Applications/Ac6/SystemWorkbench.app/Contents/Eclipse/plugins/fr.ac6.mcu.externaltools.arm-none.macos64_1.17.0.201812190825/tools/compiler/bin/../lib/gcc/arm-none-eabi/7.3.1/../../../../arm-none-eabi/lib/thumb/v7e-m/fpv4-sp/hard/libc.a(lib_a-svfprintf.o)
 .rodata._dtoa_r.str1.4
                0x0000000008008fa8       0x10 /Applications/Ac6/SystemWorkbench.app/Contents/Eclipse/plugins/fr.ac6.mcu.externaltools.arm-none.macos64_1.17.0.201812190825/tools/compiler/bin/../lib/gcc/arm-none-eabi/7.3.1/../../../../arm-none-eabi/lib/thumb/v7e-m/fpv4-sp/hard/libc.a(lib_a-dtoa.o)
                                         0x12 (size before relaxing)
 .rodata.__mprec_bigtens
                0x0000000008008fb8       0x28 /Applications/Ac6/SystemWorkbench.app/Contents/Eclipse/plugins/fr.ac6.mcu.externaltools.arm-none.macos64_1.17.0.201812190825/tools/compiler/bin/../lib/gcc/arm-none-eabi/7.3.1/../../../../arm-none-eabi/lib/thumb/v7e-m/fpv4-sp/hard/libc.a(lib_a-mprec.o)
                0x0000000008008fb8                __mprec_bigtens
 .rodata.__mprec_tens
                0x0000000008008fe0       0xc8 /Applications/Ac6/SystemWorkbench.app/Contents/Eclipse/plugins/fr.ac6.mcu.externaltools.arm-none.macos64_1.17.0.201812190825/tools/compiler/bin/../lib/gcc/arm-none-eabi/7.3.1/../../../../arm-none-eabi/lib/thumb/v7e-m/fpv4-sp/hard/libc.a(lib_a-mprec.o)
                0x0000000008008fe0                __mprec_tens
 .rodata.p05.7367
                0x00000000080090a8        0xc /Applications/Ac6/SystemWorkbench.app/Contents/Eclipse/plugins/fr.ac6.mcu.externaltools.arm-none.macos64_1.17.0.201812190825/tools/compiler/bin/../lib/gcc/arm-none-eabi/7.3.1/../../../../arm-none-eabi/lib/thumb/v7e-m/fpv4-sp/hard/libc.a(lib_a-mprec.o)
 .rodata._setlocale_r.str1.4
                0x00000000080090b4        0xa /Applications/Ac6/SystemWorkbench.app/Contents/Eclipse/plugins/fr.ac6.mcu.externaltools.arm-none.macos64_1.17.0.201812190825/tools/compiler/bin/../lib/gcc/arm-none-eabi/7.3.1/../../../../arm-none-eabi/lib/thumb/v7e-m/fpv4-sp/hard/libc.a(lib_a-locale.o)
                                          0xd (size before relaxing)
 *fill*         0x00000000080090be        0x2 
 .rodata.str1.4
                0x00000000080090c0        0x4 /Applications/Ac6/SystemWorkbench.app/Contents/Eclipse/plugins/fr.ac6.mcu.externaltools.arm-none.macos64_1.17.0.201812190825/tools/compiler/bin/../lib/gcc/arm-none-eabi/7.3.1/../../../../arm-none-eabi/lib/thumb/v7e-m/fpv4-sp/hard/libc.a(lib_a-locale.o)
                                          0x2 (size before relaxing)
 .rodata._ctype_
                0x00000000080090c4      0x101 /Applications/Ac6/SystemWorkbench.app/Contents/Eclipse/plugins/fr.ac6.mcu.externaltools.arm-none.macos64_1.17.0.201812190825/tools/compiler/bin/../lib/gcc/arm-none-eabi/7.3.1/../../../../arm-none-eabi/lib/thumb/v7e-m/fpv4-sp/hard/libc.a(lib_a-ctype_.o)
                0x00000000080090c4                _ctype_
                0x00000000080091c8                . = ALIGN (0x4)
 *fill*         0x00000000080091c5        0x3 

.ARM.extab      0x00000000080091c8        0x0
                0x00000000080091c8                . = ALIGN (0x4)
 *(.ARM.extab* .gnu.linkonce.armextab.*)
                0x00000000080091c8                . = ALIGN (0x4)

.ARM            0x00000000080091c8        0x8
                0x00000000080091c8                . = ALIGN (0x4)
                0x00000000080091c8                __exidx_start = .
 *(.ARM.exidx*)
 .ARM.exidx     0x00000000080091c8        0x8 /Applications/Ac6/SystemWorkbench.app/Contents/Eclipse/plugins/fr.ac6.mcu.externaltools.arm-none.macos64_1.17.0.201812190825/tools/compiler/bin/../lib/gcc/arm-none-eabi/7.3.1/thumb/v7e-m/fpv4-sp/hard/libgcc.a(_udivmoddi4.o)
                0x00000000080091d0                __exidx_end = .
                0x00000000080091d0                . = ALIGN (0x4)

.rel.dyn        0x00000000080091d0        0x0
 .rel.iplt      0x00000000080091d0        0x0 /Applications/Ac6/SystemWorkbench.app/Contents/Eclipse/plugins/fr.ac6.mcu.externaltools.arm-none.macos64_1.17.0.201812190825/tools/compiler/bin/../lib/gcc/arm-none-eabi/7.3.1/thumb/v7e-m/fpv4-sp/hard/crtbegin.o

.preinit_array  0x00000000080091d0        0x0
                0x00000000080091d0                . = ALIGN (0x4)
                0x00000000080091d0                PROVIDE (__preinit_array_start = .)
 *(.preinit_array*)
                0x00000000080091d0                PROVIDE (__preinit_array_end = .)
                0x00000000080091d0                . = ALIGN (0x4)

.init_array     0x00000000080091d0        0x8
                0x00000000080091d0                . = ALIGN (0x4)
                0x00000000080091d0                PROVIDE (__init_array_start = .)
 *(SORT_BY_NAME(.init_array.*))
 .init_array.00000
                0x00000000080091d0        0x4 /Applications/Ac6/SystemWorkbench.app/Contents/Eclipse/plugins/fr.ac6.mcu.externaltools.arm-none.macos64_1.17.0.201812190825/tools/compiler/bin/../lib/gcc/arm-none-eabi/7.3.1/../../../../arm-none-eabi/lib/thumb/v7e-m/fpv4-sp/hard/libc.a(lib_a-__call_atexit.o)
 *(.init_array*)
 .init_array    0x00000000080091d4        0x4 /Applications/Ac6/SystemWorkbench.app/Contents/Eclipse/plugins/fr.ac6.mcu.externaltools.arm-none.macos64_1.17.0.201812190825/tools/compiler/bin/../lib/gcc/arm-none-eabi/7.3.1/thumb/v7e-m/fpv4-sp/hard/crtbegin.o
                0x00000000080091d8                PROVIDE (__init_array_end = .)
                0x00000000080091d8                . = ALIGN (0x4)

.fini_array     0x00000000080091d8        0x4
                0x00000000080091d8                . = ALIGN (0x4)
                0x00000000080091d8                PROVIDE (__fini_array_start = .)
 *(SORT_BY_NAME(.fini_array.*))
 *(.fini_array*)
 .fini_array    0x00000000080091d8        0x4 /Applications/Ac6/SystemWorkbench.app/Contents/Eclipse/plugins/fr.ac6.mcu.externaltools.arm-none.macos64_1.17.0.201812190825/tools/compiler/bin/../lib/gcc/arm-none-eabi/7.3.1/thumb/v7e-m/fpv4-sp/hard/crtbegin.o
                0x00000000080091dc                PROVIDE (__fini_array_end = .)
                0x00000000080091dc                . = ALIGN (0x4)
                0x00000000080091dc                _sidata = LOADADDR (.data)

.data           0x0000000020000000      0xae8 load address 0x00000000080091dc
                0x0000000020000000                . = ALIGN (0x4)
                0x0000000020000000                _sdata = .
 *(.data)
 .data          0x0000000020000000       0x10 StdPeriph_Driver/src/stm32f4xx_rcc.o
 .data          0x0000000020000010        0x4 Third_Party/FreeRTOS/org/Source/portable/GCC/ARM_CM4F/port.o
 .data          0x0000000020000014      0x10f src/main.o
                0x0000000020000014                msg
                0x0000000020000078                menu
 *fill*         0x0000000020000123        0x1 
 .data          0x0000000020000124       0x14 src/system_stm32f4xx.o
                0x0000000020000124                SystemCoreClock
                0x0000000020000128                AHBPrescTable
 *(.data*)
 .data._impure_ptr
                0x0000000020000138        0x4 /Applications/Ac6/SystemWorkbench.app/Contents/Eclipse/plugins/fr.ac6.mcu.externaltools.arm-none.macos64_1.17.0.201812190825/tools/compiler/bin/../lib/gcc/arm-none-eabi/7.3.1/../../../../arm-none-eabi/lib/thumb/v7e-m/fpv4-sp/hard/libc.a(lib_a-impure.o)
                0x0000000020000138                _impure_ptr
 *fill*         0x000000002000013c        0x4 
 .data.impure_data
                0x0000000020000140      0x428 /Applications/Ac6/SystemWorkbench.app/Contents/Eclipse/plugins/fr.ac6.mcu.externaltools.arm-none.macos64_1.17.0.201812190825/tools/compiler/bin/../lib/gcc/arm-none-eabi/7.3.1/../../../../arm-none-eabi/lib/thumb/v7e-m/fpv4-sp/hard/libc.a(lib_a-impure.o)
 .data.__atexit_recursive_mutex
                0x0000000020000568        0x4 /Applications/Ac6/SystemWorkbench.app/Contents/Eclipse/plugins/fr.ac6.mcu.externaltools.arm-none.macos64_1.17.0.201812190825/tools/compiler/bin/../lib/gcc/arm-none-eabi/7.3.1/../../../../arm-none-eabi/lib/thumb/v7e-m/fpv4-sp/hard/libc.a(lib_a-__call_atexit.o)
                0x0000000020000568                __atexit_recursive_mutex
 .data.__malloc_av_
                0x000000002000056c      0x408 /Applications/Ac6/SystemWorkbench.app/Contents/Eclipse/plugins/fr.ac6.mcu.externaltools.arm-none.macos64_1.17.0.201812190825/tools/compiler/bin/../lib/gcc/arm-none-eabi/7.3.1/../../../../arm-none-eabi/lib/thumb/v7e-m/fpv4-sp/hard/libc.a(lib_a-mallocr.o)
                0x000000002000056c                __malloc_av_
 .data.__malloc_sbrk_base
                0x0000000020000974        0x4 /Applications/Ac6/SystemWorkbench.app/Contents/Eclipse/plugins/fr.ac6.mcu.externaltools.arm-none.macos64_1.17.0.201812190825/tools/compiler/bin/../lib/gcc/arm-none-eabi/7.3.1/../../../../arm-none-eabi/lib/thumb/v7e-m/fpv4-sp/hard/libc.a(lib_a-mallocr.o)
                0x0000000020000974                __malloc_sbrk_base
 .data.__malloc_trim_threshold
                0x0000000020000978        0x4 /Applications/Ac6/SystemWorkbench.app/Contents/Eclipse/plugins/fr.ac6.mcu.externaltools.arm-none.macos64_1.17.0.201812190825/tools/compiler/bin/../lib/gcc/arm-none-eabi/7.3.1/../../../../arm-none-eabi/lib/thumb/v7e-m/fpv4-sp/hard/libc.a(lib_a-mallocr.o)
                0x0000000020000978                __malloc_trim_threshold
 .data.__global_locale
                0x000000002000097c      0x16c /Applications/Ac6/SystemWorkbench.app/Contents/Eclipse/plugins/fr.ac6.mcu.externaltools.arm-none.macos64_1.17.0.201812190825/tools/compiler/bin/../lib/gcc/arm-none-eabi/7.3.1/../../../../arm-none-eabi/lib/thumb/v7e-m/fpv4-sp/hard/libc.a(lib_a-locale.o)
                0x000000002000097c                __global_locale
                0x0000000020000ae8                . = ALIGN (0x4)
                0x0000000020000ae8                _edata = .

.igot.plt       0x0000000020000ae8        0x0 load address 0x0000000008009cc4
 .igot.plt      0x0000000020000ae8        0x0 /Applications/Ac6/SystemWorkbench.app/Contents/Eclipse/plugins/fr.ac6.mcu.externaltools.arm-none.macos64_1.17.0.201812190825/tools/compiler/bin/../lib/gcc/arm-none-eabi/7.3.1/thumb/v7e-m/fpv4-sp/hard/crtbegin.o
                0x0000000020000ae8                . = ALIGN (0x4)

.bss            0x0000000020000ae8    0x12f6c load address 0x0000000008009cc4
                0x0000000020000ae8                _sbss = .
                0x0000000020000ae8                __bss_start__ = _sbss
 *(.bss)
 .bss           0x0000000020000ae8       0x1c /Applications/Ac6/SystemWorkbench.app/Contents/Eclipse/plugins/fr.ac6.mcu.externaltools.arm-none.macos64_1.17.0.201812190825/tools/compiler/bin/../lib/gcc/arm-none-eabi/7.3.1/thumb/v7e-m/fpv4-sp/hard/crtbegin.o
 .bss           0x0000000020000b04      0x104 Third_Party/FreeRTOS/org/Source/tasks.o
                0x0000000020000b04                pxCurrentTCB
 .bss           0x0000000020000c08       0x3c Third_Party/FreeRTOS/org/Source/timers.o
 .bss           0x0000000020000c44        0x8 Third_Party/FreeRTOS/org/Source/portable/GCC/ARM_CM4F/port.o
 .bss           0x0000000020000c4c    0x12c20 Third_Party/FreeRTOS/org/Source/portable/MemMang/heap_4.o
 .bss           0x000000002001386c       0x1d src/main.o
                0x000000002001386c                cmd_handling_Handle
                0x0000000020013870                cmd_processing_Handle
                0x0000000020013874                menu_print_Handle
                0x0000000020013878                uart_write_Handle
                0x000000002001387c                command_queue
                0x0000000020013880                uart_write_queue
                0x0000000020013884                led_timer_handle
                0x0000000020013888                command_len
 *fill*         0x0000000020013889        0x3 
 .bss           0x000000002001388c        0x8 src/syscalls.o
                0x000000002001388c                __env
 *(.bss*)
 .bss.__malloc_current_mallinfo
                0x0000000020013894       0x28 /Applications/Ac6/SystemWorkbench.app/Contents/Eclipse/plugins/fr.ac6.mcu.externaltools.arm-none.macos64_1.17.0.201812190825/tools/compiler/bin/../lib/gcc/arm-none-eabi/7.3.1/../../../../arm-none-eabi/lib/thumb/v7e-m/fpv4-sp/hard/libc.a(lib_a-mallocr.o)
                0x0000000020013894                __malloc_current_mallinfo
 .bss.__malloc_max_sbrked_mem
                0x00000000200138bc        0x4 /Applications/Ac6/SystemWorkbench.app/Contents/Eclipse/plugins/fr.ac6.mcu.externaltools.arm-none.macos64_1.17.0.201812190825/tools/compiler/bin/../lib/gcc/arm-none-eabi/7.3.1/../../../../arm-none-eabi/lib/thumb/v7e-m/fpv4-sp/hard/libc.a(lib_a-mallocr.o)
                0x00000000200138bc                __malloc_max_sbrked_mem
 .bss.__malloc_max_total_mem
                0x00000000200138c0        0x4 /Applications/Ac6/SystemWorkbench.app/Contents/Eclipse/plugins/fr.ac6.mcu.externaltools.arm-none.macos64_1.17.0.201812190825/tools/compiler/bin/../lib/gcc/arm-none-eabi/7.3.1/../../../../arm-none-eabi/lib/thumb/v7e-m/fpv4-sp/hard/libc.a(lib_a-mallocr.o)
                0x00000000200138c0                __malloc_max_total_mem
 .bss.__malloc_top_pad
                0x00000000200138c4        0x4 /Applications/Ac6/SystemWorkbench.app/Contents/Eclipse/plugins/fr.ac6.mcu.externaltools.arm-none.macos64_1.17.0.201812190825/tools/compiler/bin/../lib/gcc/arm-none-eabi/7.3.1/../../../../arm-none-eabi/lib/thumb/v7e-m/fpv4-sp/hard/libc.a(lib_a-mallocr.o)
                0x00000000200138c4                __malloc_top_pad
 *(COMMON)
 COMMON         0x00000000200138c8       0x40 Third_Party/FreeRTOS/org/Source/queue.o
                0x00000000200138c8                xQueueRegistry
 COMMON         0x0000000020013908      0x124 src/main.o
                0x0000000020013908                usr_msg
                0x0000000020013a04                command_buffer
 COMMON         0x0000000020013a2c       0x21 /Applications/Ac6/SystemWorkbench.app/Contents/Eclipse/plugins/fr.ac6.mcu.externaltools.arm-none.macos64_1.17.0.201812190825/tools/compiler/bin/../lib/gcc/arm-none-eabi/7.3.1/../../../../arm-none-eabi/lib/thumb/v7e-m/fpv4-sp/hard/libc.a(lib_a-lock.o)
                0x0000000020013a2c                __lock___atexit_recursive_mutex
                0x0000000020013a30                __lock___arc4random_mutex
                0x0000000020013a34                __lock___env_recursive_mutex
                0x0000000020013a38                __lock___sinit_recursive_mutex
                0x0000000020013a3c                __lock___malloc_recursive_mutex
                0x0000000020013a40                __lock___at_quick_exit_mutex
                0x0000000020013a44                __lock___dd_hash_mutex
                0x0000000020013a48                __lock___tz_mutex
                0x0000000020013a4c                __lock___sfp_recursive_mutex
 *fill*         0x0000000020013a4d        0x3 
 COMMON         0x0000000020013a50        0x4 /Applications/Ac6/SystemWorkbench.app/Contents/Eclipse/plugins/fr.ac6.mcu.externaltools.arm-none.macos64_1.17.0.201812190825/tools/compiler/bin/../lib/gcc/arm-none-eabi/7.3.1/../../../../arm-none-eabi/lib/thumb/v7e-m/fpv4-sp/hard/libc.a(lib_a-reent.o)
                0x0000000020013a50                errno
                0x0000000020013a54                . = ALIGN (0x4)
                0x0000000020013a54                _ebss = .
                0x0000000020013a54                __bss_end__ = _ebss

._user_heap_stack
                0x0000000020013a54      0x404 load address 0x0000000008009cc4
                0x0000000020013a58                . = ALIGN (0x8)
 *fill*         0x0000000020013a54        0x4 
                0x0000000020013a58                PROVIDE (end = .)
                [!provide]                        PROVIDE (_end = .)
                0x0000000020013a58                . = (. + _Min_Heap_Size)
                0x0000000020013e58                . = (. + _Min_Stack_Size)
 *fill*         0x0000000020013a58      0x400 
                0x0000000020013e58                . = ALIGN (0x8)

/DISCARD/
 libc.a(*)
 libm.a(*)
 libgcc.a(*)

.ARM.attributes
                0x0000000000000000       0x30
 *(.ARM.attributes)
 .ARM.attributes
                0x0000000000000000       0x22 /Applications/Ac6/SystemWorkbench.app/Contents/Eclipse/plugins/fr.ac6.mcu.externaltools.arm-none.macos64_1.17.0.201812190825/tools/compiler/bin/../lib/gcc/arm-none-eabi/7.3.1/thumb/v7e-m/fpv4-sp/hard/crti.o
 .ARM.attributes
                0x0000000000000022       0x34 /Applications/Ac6/SystemWorkbench.app/Contents/Eclipse/plugins/fr.ac6.mcu.externaltools.arm-none.macos64_1.17.0.201812190825/tools/compiler/bin/../lib/gcc/arm-none-eabi/7.3.1/thumb/v7e-m/fpv4-sp/hard/crtbegin.o
 .ARM.attributes
                0x0000000000000056       0x39 StdPeriph_Driver/src/stm32f4xx_gpio.o
 .ARM.attributes
                0x000000000000008f       0x39 StdPeriph_Driver/src/stm32f4xx_rcc.o
 .ARM.attributes
                0x00000000000000c8       0x39 StdPeriph_Driver/src/stm32f4xx_rtc.o
 .ARM.attributes
                0x0000000000000101       0x39 StdPeriph_Driver/src/stm32f4xx_usart.o
 .ARM.attributes
                0x000000000000013a       0x39 Third_Party/FreeRTOS/org/Source/list.o
 .ARM.attributes
                0x0000000000000173       0x39 Third_Party/FreeRTOS/org/Source/queue.o
 .ARM.attributes
                0x00000000000001ac       0x39 Third_Party/FreeRTOS/org/Source/tasks.o
 .ARM.attributes
                0x00000000000001e5       0x39 Third_Party/FreeRTOS/org/Source/timers.o
 .ARM.attributes
                0x000000000000021e       0x39 Third_Party/FreeRTOS/org/Source/portable/GCC/ARM_CM4F/port.o
 .ARM.attributes
                0x0000000000000257       0x39 Third_Party/FreeRTOS/org/Source/portable/MemMang/heap_4.o
 .ARM.attributes
                0x0000000000000290       0x39 src/main.o
 .ARM.attributes
                0x00000000000002c9       0x39 src/syscalls.o
 .ARM.attributes
                0x0000000000000302       0x39 src/system_stm32f4xx.o
 .ARM.attributes
                0x000000000000033b       0x21 startup/startup_stm32.o
 .ARM.attributes
                0x000000000000035c       0x34 /Applications/Ac6/SystemWorkbench.app/Contents/Eclipse/plugins/fr.ac6.mcu.externaltools.arm-none.macos64_1.17.0.201812190825/tools/compiler/bin/../lib/gcc/arm-none-eabi/7.3.1/../../../../arm-none-eabi/lib/thumb/v7e-m/fpv4-sp/hard/libc.a(lib_a-errno.o)
 .ARM.attributes
                0x0000000000000390       0x34 /Applications/Ac6/SystemWorkbench.app/Contents/Eclipse/plugins/fr.ac6.mcu.externaltools.arm-none.macos64_1.17.0.201812190825/tools/compiler/bin/../lib/gcc/arm-none-eabi/7.3.1/../../../../arm-none-eabi/lib/thumb/v7e-m/fpv4-sp/hard/libc.a(lib_a-impure.o)
 .ARM.attributes
                0x00000000000003c4       0x34 /Applications/Ac6/SystemWorkbench.app/Contents/Eclipse/plugins/fr.ac6.mcu.externaltools.arm-none.macos64_1.17.0.201812190825/tools/compiler/bin/../lib/gcc/arm-none-eabi/7.3.1/../../../../arm-none-eabi/lib/thumb/v7e-m/fpv4-sp/hard/libc.a(lib_a-init.o)
 .ARM.attributes
                0x00000000000003f8       0x20 /Applications/Ac6/SystemWorkbench.app/Contents/Eclipse/plugins/fr.ac6.mcu.externaltools.arm-none.macos64_1.17.0.201812190825/tools/compiler/bin/../lib/gcc/arm-none-eabi/7.3.1/../../../../arm-none-eabi/lib/thumb/v7e-m/fpv4-sp/hard/libc.a(lib_a-memcpy.o)
 .ARM.attributes
                0x0000000000000418       0x34 /Applications/Ac6/SystemWorkbench.app/Contents/Eclipse/plugins/fr.ac6.mcu.externaltools.arm-none.macos64_1.17.0.201812190825/tools/compiler/bin/../lib/gcc/arm-none-eabi/7.3.1/../../../../arm-none-eabi/lib/thumb/v7e-m/fpv4-sp/hard/libc.a(lib_a-memset.o)
 .ARM.attributes
                0x000000000000044c       0x34 /Applications/Ac6/SystemWorkbench.app/Contents/Eclipse/plugins/fr.ac6.mcu.externaltools.arm-none.macos64_1.17.0.201812190825/tools/compiler/bin/../lib/gcc/arm-none-eabi/7.3.1/../../../../arm-none-eabi/lib/thumb/v7e-m/fpv4-sp/hard/libc.a(lib_a-sprintf.o)
 .ARM.attributes
                0x0000000000000480       0x20 /Applications/Ac6/SystemWorkbench.app/Contents/Eclipse/plugins/fr.ac6.mcu.externaltools.arm-none.macos64_1.17.0.201812190825/tools/compiler/bin/../lib/gcc/arm-none-eabi/7.3.1/../../../../arm-none-eabi/lib/thumb/v7e-m/fpv4-sp/hard/libc.a(lib_a-strlen.o)
 .ARM.attributes
                0x00000000000004a0       0x34 /Applications/Ac6/SystemWorkbench.app/Contents/Eclipse/plugins/fr.ac6.mcu.externaltools.arm-none.macos64_1.17.0.201812190825/tools/compiler/bin/../lib/gcc/arm-none-eabi/7.3.1/../../../../arm-none-eabi/lib/thumb/v7e-m/fpv4-sp/hard/libc.a(lib_a-svfprintf.o)
 .ARM.attributes
                0x00000000000004d4       0x34 /Applications/Ac6/SystemWorkbench.app/Contents/Eclipse/plugins/fr.ac6.mcu.externaltools.arm-none.macos64_1.17.0.201812190825/tools/compiler/bin/../lib/gcc/arm-none-eabi/7.3.1/../../../../arm-none-eabi/lib/thumb/v7e-m/fpv4-sp/hard/libc.a(lib_a-__call_atexit.o)
 .ARM.attributes
                0x0000000000000508       0x34 /Applications/Ac6/SystemWorkbench.app/Contents/Eclipse/plugins/fr.ac6.mcu.externaltools.arm-none.macos64_1.17.0.201812190825/tools/compiler/bin/../lib/gcc/arm-none-eabi/7.3.1/../../../../arm-none-eabi/lib/thumb/v7e-m/fpv4-sp/hard/libc.a(lib_a-atexit.o)
 .ARM.attributes
                0x000000000000053c       0x34 /Applications/Ac6/SystemWorkbench.app/Contents/Eclipse/plugins/fr.ac6.mcu.externaltools.arm-none.macos64_1.17.0.201812190825/tools/compiler/bin/../lib/gcc/arm-none-eabi/7.3.1/../../../../arm-none-eabi/lib/thumb/v7e-m/fpv4-sp/hard/libc.a(lib_a-dtoa.o)
 .ARM.attributes
                0x0000000000000570       0x34 /Applications/Ac6/SystemWorkbench.app/Contents/Eclipse/plugins/fr.ac6.mcu.externaltools.arm-none.macos64_1.17.0.201812190825/tools/compiler/bin/../lib/gcc/arm-none-eabi/7.3.1/../../../../arm-none-eabi/lib/thumb/v7e-m/fpv4-sp/hard/libc.a(lib_a-fini.o)
 .ARM.attributes
                0x00000000000005a4       0x34 /Applications/Ac6/SystemWorkbench.app/Contents/Eclipse/plugins/fr.ac6.mcu.externaltools.arm-none.macos64_1.17.0.201812190825/tools/compiler/bin/../lib/gcc/arm-none-eabi/7.3.1/../../../../arm-none-eabi/lib/thumb/v7e-m/fpv4-sp/hard/libc.a(lib_a-freer.o)
 .ARM.attributes
                0x00000000000005d8       0x34 /Applications/Ac6/SystemWorkbench.app/Contents/Eclipse/plugins/fr.ac6.mcu.externaltools.arm-none.macos64_1.17.0.201812190825/tools/compiler/bin/../lib/gcc/arm-none-eabi/7.3.1/../../../../arm-none-eabi/lib/thumb/v7e-m/fpv4-sp/hard/libc.a(lib_a-localeconv.o)
 .ARM.attributes
                0x000000000000060c       0x34 /Applications/Ac6/SystemWorkbench.app/Contents/Eclipse/plugins/fr.ac6.mcu.externaltools.arm-none.macos64_1.17.0.201812190825/tools/compiler/bin/../lib/gcc/arm-none-eabi/7.3.1/../../../../arm-none-eabi/lib/thumb/v7e-m/fpv4-sp/hard/libc.a(lib_a-lock.o)
 .ARM.attributes
                0x0000000000000640       0x34 /Applications/Ac6/SystemWorkbench.app/Contents/Eclipse/plugins/fr.ac6.mcu.externaltools.arm-none.macos64_1.17.0.201812190825/tools/compiler/bin/../lib/gcc/arm-none-eabi/7.3.1/../../../../arm-none-eabi/lib/thumb/v7e-m/fpv4-sp/hard/libc.a(lib_a-mallocr.o)
 .ARM.attributes
                0x0000000000000674       0x20 /Applications/Ac6/SystemWorkbench.app/Contents/Eclipse/plugins/fr.ac6.mcu.externaltools.arm-none.macos64_1.17.0.201812190825/tools/compiler/bin/../lib/gcc/arm-none-eabi/7.3.1/../../../../arm-none-eabi/lib/thumb/v7e-m/fpv4-sp/hard/libc.a(lib_a-memchr.o)
 .ARM.attributes
                0x0000000000000694       0x34 /Applications/Ac6/SystemWorkbench.app/Contents/Eclipse/plugins/fr.ac6.mcu.externaltools.arm-none.macos64_1.17.0.201812190825/tools/compiler/bin/../lib/gcc/arm-none-eabi/7.3.1/../../../../arm-none-eabi/lib/thumb/v7e-m/fpv4-sp/hard/libc.a(lib_a-mlock.o)
 .ARM.attributes
                0x00000000000006c8       0x34 /Applications/Ac6/SystemWorkbench.app/Contents/Eclipse/plugins/fr.ac6.mcu.externaltools.arm-none.macos64_1.17.0.201812190825/tools/compiler/bin/../lib/gcc/arm-none-eabi/7.3.1/../../../../arm-none-eabi/lib/thumb/v7e-m/fpv4-sp/hard/libc.a(lib_a-mprec.o)
 .ARM.attributes
                0x00000000000006fc       0x34 /Applications/Ac6/SystemWorkbench.app/Contents/Eclipse/plugins/fr.ac6.mcu.externaltools.arm-none.macos64_1.17.0.201812190825/tools/compiler/bin/../lib/gcc/arm-none-eabi/7.3.1/../../../../arm-none-eabi/lib/thumb/v7e-m/fpv4-sp/hard/libc.a(lib_a-s_frexp.o)
 .ARM.attributes
                0x0000000000000730       0x34 /Applications/Ac6/SystemWorkbench.app/Contents/Eclipse/plugins/fr.ac6.mcu.externaltools.arm-none.macos64_1.17.0.201812190825/tools/compiler/bin/../lib/gcc/arm-none-eabi/7.3.1/../../../../arm-none-eabi/lib/thumb/v7e-m/fpv4-sp/hard/libc.a(lib_a-sbrkr.o)
 .ARM.attributes
                0x0000000000000764       0x34 /Applications/Ac6/SystemWorkbench.app/Contents/Eclipse/plugins/fr.ac6.mcu.externaltools.arm-none.macos64_1.17.0.201812190825/tools/compiler/bin/../lib/gcc/arm-none-eabi/7.3.1/../../../../arm-none-eabi/lib/thumb/v7e-m/fpv4-sp/hard/libc.a(lib_a-strncpy.o)
 .ARM.attributes
                0x0000000000000798       0x34 /Applications/Ac6/SystemWorkbench.app/Contents/Eclipse/plugins/fr.ac6.mcu.externaltools.arm-none.macos64_1.17.0.201812190825/tools/compiler/bin/../lib/gcc/arm-none-eabi/7.3.1/../../../../arm-none-eabi/lib/thumb/v7e-m/fpv4-sp/hard/libc.a(lib_a-svfiprintf.o)
 .ARM.attributes
                0x00000000000007cc       0x34 /Applications/Ac6/SystemWorkbench.app/Contents/Eclipse/plugins/fr.ac6.mcu.externaltools.arm-none.macos64_1.17.0.201812190825/tools/compiler/bin/../lib/gcc/arm-none-eabi/7.3.1/../../../../arm-none-eabi/lib/thumb/v7e-m/fpv4-sp/hard/libc.a(lib_a-__atexit.o)
 .ARM.attributes
                0x0000000000000800       0x34 /Applications/Ac6/SystemWorkbench.app/Contents/Eclipse/plugins/fr.ac6.mcu.externaltools.arm-none.macos64_1.17.0.201812190825/tools/compiler/bin/../lib/gcc/arm-none-eabi/7.3.1/../../../../arm-none-eabi/lib/thumb/v7e-m/fpv4-sp/hard/libc.a(lib_a-callocr.o)
 .ARM.attributes
                0x0000000000000834       0x34 /Applications/Ac6/SystemWorkbench.app/Contents/Eclipse/plugins/fr.ac6.mcu.externaltools.arm-none.macos64_1.17.0.201812190825/tools/compiler/bin/../lib/gcc/arm-none-eabi/7.3.1/../../../../arm-none-eabi/lib/thumb/v7e-m/fpv4-sp/hard/libc.a(lib_a-locale.o)
 .ARM.attributes
                0x0000000000000868       0x34 /Applications/Ac6/SystemWorkbench.app/Contents/Eclipse/plugins/fr.ac6.mcu.externaltools.arm-none.macos64_1.17.0.201812190825/tools/compiler/bin/../lib/gcc/arm-none-eabi/7.3.1/../../../../arm-none-eabi/lib/thumb/v7e-m/fpv4-sp/hard/libc.a(lib_a-mbtowc_r.o)
 .ARM.attributes
                0x000000000000089c       0x34 /Applications/Ac6/SystemWorkbench.app/Contents/Eclipse/plugins/fr.ac6.mcu.externaltools.arm-none.macos64_1.17.0.201812190825/tools/compiler/bin/../lib/gcc/arm-none-eabi/7.3.1/../../../../arm-none-eabi/lib/thumb/v7e-m/fpv4-sp/hard/libc.a(lib_a-memmove.o)
 .ARM.attributes
                0x00000000000008d0       0x34 /Applications/Ac6/SystemWorkbench.app/Contents/Eclipse/plugins/fr.ac6.mcu.externaltools.arm-none.macos64_1.17.0.201812190825/tools/compiler/bin/../lib/gcc/arm-none-eabi/7.3.1/../../../../arm-none-eabi/lib/thumb/v7e-m/fpv4-sp/hard/libc.a(lib_a-reallocr.o)
 .ARM.attributes
                0x0000000000000904       0x34 /Applications/Ac6/SystemWorkbench.app/Contents/Eclipse/plugins/fr.ac6.mcu.externaltools.arm-none.macos64_1.17.0.201812190825/tools/compiler/bin/../lib/gcc/arm-none-eabi/7.3.1/../../../../arm-none-eabi/lib/thumb/v7e-m/fpv4-sp/hard/libc.a(lib_a-reent.o)
 .ARM.attributes
                0x0000000000000938       0x34 /Applications/Ac6/SystemWorkbench.app/Contents/Eclipse/plugins/fr.ac6.mcu.externaltools.arm-none.macos64_1.17.0.201812190825/tools/compiler/bin/../lib/gcc/arm-none-eabi/7.3.1/../../../../arm-none-eabi/lib/thumb/v7e-m/fpv4-sp/hard/libc.a(lib_a-wctomb_r.o)
 .ARM.attributes
                0x000000000000096c       0x34 /Applications/Ac6/SystemWorkbench.app/Contents/Eclipse/plugins/fr.ac6.mcu.externaltools.arm-none.macos64_1.17.0.201812190825/tools/compiler/bin/../lib/gcc/arm-none-eabi/7.3.1/../../../../arm-none-eabi/lib/thumb/v7e-m/fpv4-sp/hard/libc.a(lib_a-ctype_.o)
 .ARM.attributes
                0x00000000000009a0       0x22 /Applications/Ac6/SystemWorkbench.app/Contents/Eclipse/plugins/fr.ac6.mcu.externaltools.arm-none.macos64_1.17.0.201812190825/tools/compiler/bin/../lib/gcc/arm-none-eabi/7.3.1/thumb/v7e-m/fpv4-sp/hard/libgcc.a(_arm_addsubdf3.o)
 .ARM.attributes
                0x00000000000009c2       0x22 /Applications/Ac6/SystemWorkbench.app/Contents/Eclipse/plugins/fr.ac6.mcu.externaltools.arm-none.macos64_1.17.0.201812190825/tools/compiler/bin/../lib/gcc/arm-none-eabi/7.3.1/thumb/v7e-m/fpv4-sp/hard/libgcc.a(_arm_muldivdf3.o)
 .ARM.attributes
                0x00000000000009e4       0x22 /Applications/Ac6/SystemWorkbench.app/Contents/Eclipse/plugins/fr.ac6.mcu.externaltools.arm-none.macos64_1.17.0.201812190825/tools/compiler/bin/../lib/gcc/arm-none-eabi/7.3.1/thumb/v7e-m/fpv4-sp/hard/libgcc.a(_arm_cmpdf2.o)
 .ARM.attributes
                0x0000000000000a06       0x22 /Applications/Ac6/SystemWorkbench.app/Contents/Eclipse/plugins/fr.ac6.mcu.externaltools.arm-none.macos64_1.17.0.201812190825/tools/compiler/bin/../lib/gcc/arm-none-eabi/7.3.1/thumb/v7e-m/fpv4-sp/hard/libgcc.a(_arm_unorddf2.o)
 .ARM.attributes
                0x0000000000000a28       0x22 /Applications/Ac6/SystemWorkbench.app/Contents/Eclipse/plugins/fr.ac6.mcu.externaltools.arm-none.macos64_1.17.0.201812190825/tools/compiler/bin/../lib/gcc/arm-none-eabi/7.3.1/thumb/v7e-m/fpv4-sp/hard/libgcc.a(_arm_fixdfsi.o)
 .ARM.attributes
                0x0000000000000a4a       0x22 /Applications/Ac6/SystemWorkbench.app/Contents/Eclipse/plugins/fr.ac6.mcu.externaltools.arm-none.macos64_1.17.0.201812190825/tools/compiler/bin/../lib/gcc/arm-none-eabi/7.3.1/thumb/v7e-m/fpv4-sp/hard/libgcc.a(_aeabi_uldivmod.o)
 .ARM.attributes
                0x0000000000000a6c       0x34 /Applications/Ac6/SystemWorkbench.app/Contents/Eclipse/plugins/fr.ac6.mcu.externaltools.arm-none.macos64_1.17.0.201812190825/tools/compiler/bin/../lib/gcc/arm-none-eabi/7.3.1/thumb/v7e-m/fpv4-sp/hard/libgcc.a(_udivmoddi4.o)
 .ARM.attributes
                0x0000000000000aa0       0x22 /Applications/Ac6/SystemWorkbench.app/Contents/Eclipse/plugins/fr.ac6.mcu.externaltools.arm-none.macos64_1.17.0.201812190825/tools/compiler/bin/../lib/gcc/arm-none-eabi/7.3.1/thumb/v7e-m/fpv4-sp/hard/libgcc.a(_dvmd_tls.o)
 .ARM.attributes
                0x0000000000000ac2       0x22 /Applications/Ac6/SystemWorkbench.app/Contents/Eclipse/plugins/fr.ac6.mcu.externaltools.arm-none.macos64_1.17.0.201812190825/tools/compiler/bin/../lib/gcc/arm-none-eabi/7.3.1/thumb/v7e-m/fpv4-sp/hard/crtn.o
OUTPUT(freeRTOS_Queues.elf elf32-littlearm)

.debug_info     0x0000000000000000     0xd60e
 .debug_info    0x0000000000000000      0x62b StdPeriph_Driver/src/stm32f4xx_gpio.o
 .debug_info    0x000000000000062b      0xf8e StdPeriph_Driver/src/stm32f4xx_rcc.o
 .debug_info    0x00000000000015b9     0x10f6 StdPeriph_Driver/src/stm32f4xx_rtc.o
 .debug_info    0x00000000000026af      0x9d4 StdPeriph_Driver/src/stm32f4xx_usart.o
 .debug_info    0x0000000000003083      0xadb Third_Party/FreeRTOS/org/Source/list.o
 .debug_info    0x0000000000003b5e     0x1f47 Third_Party/FreeRTOS/org/Source/queue.o
 .debug_info    0x0000000000005aa5     0x27c5 Third_Party/FreeRTOS/org/Source/tasks.o
 .debug_info    0x000000000000826a     0x14d9 Third_Party/FreeRTOS/org/Source/timers.o
 .debug_info    0x0000000000009743      0x533 Third_Party/FreeRTOS/org/Source/portable/GCC/ARM_CM4F/port.o
 .debug_info    0x0000000000009c76      0xcfd Third_Party/FreeRTOS/org/Source/portable/MemMang/heap_4.o
 .debug_info    0x000000000000a973     0x172a src/main.o
 .debug_info    0x000000000000c09d      0xf2e src/syscalls.o
 .debug_info    0x000000000000cfcb      0x621 src/system_stm32f4xx.o
 .debug_info    0x000000000000d5ec       0x22 startup/startup_stm32.o

.debug_abbrev   0x0000000000000000     0x1f8f
 .debug_abbrev  0x0000000000000000      0x1bf StdPeriph_Driver/src/stm32f4xx_gpio.o
 .debug_abbrev  0x00000000000001bf      0x1d4 StdPeriph_Driver/src/stm32f4xx_rcc.o
 .debug_abbrev  0x0000000000000393      0x1e2 StdPeriph_Driver/src/stm32f4xx_rtc.o
 .debug_abbrev  0x0000000000000575      0x187 StdPeriph_Driver/src/stm32f4xx_usart.o
 .debug_abbrev  0x00000000000006fc      0x205 Third_Party/FreeRTOS/org/Source/list.o
 .debug_abbrev  0x0000000000000901      0x352 Third_Party/FreeRTOS/org/Source/queue.o
 .debug_abbrev  0x0000000000000c53      0x388 Third_Party/FreeRTOS/org/Source/tasks.o
 .debug_abbrev  0x0000000000000fdb      0x2fe Third_Party/FreeRTOS/org/Source/timers.o
 .debug_abbrev  0x00000000000012d9      0x210 Third_Party/FreeRTOS/org/Source/portable/GCC/ARM_CM4F/port.o
 .debug_abbrev  0x00000000000014e9      0x2d4 Third_Party/FreeRTOS/org/Source/portable/MemMang/heap_4.o
 .debug_abbrev  0x00000000000017bd      0x3b9 src/main.o
 .debug_abbrev  0x0000000000001b76      0x2aa src/syscalls.o
 .debug_abbrev  0x0000000000001e20      0x15d src/system_stm32f4xx.o
 .debug_abbrev  0x0000000000001f7d       0x12 startup/startup_stm32.o

.debug_aranges  0x0000000000000000      0xc38
 .debug_aranges
                0x0000000000000000       0x88 StdPeriph_Driver/src/stm32f4xx_gpio.o
 .debug_aranges
                0x0000000000000088      0x1e8 StdPeriph_Driver/src/stm32f4xx_rcc.o
 .debug_aranges
                0x0000000000000270      0x1e0 StdPeriph_Driver/src/stm32f4xx_rtc.o
 .debug_aranges
                0x0000000000000450      0x100 StdPeriph_Driver/src/stm32f4xx_usart.o
 .debug_aranges
                0x0000000000000550       0x40 Third_Party/FreeRTOS/org/Source/list.o
 .debug_aranges
                0x0000000000000590      0x130 Third_Party/FreeRTOS/org/Source/queue.o
 .debug_aranges
                0x00000000000006c0      0x1f8 Third_Party/FreeRTOS/org/Source/tasks.o
 .debug_aranges
                0x00000000000008b8       0xd8 Third_Party/FreeRTOS/org/Source/timers.o
 .debug_aranges
                0x0000000000000990       0x80 Third_Party/FreeRTOS/org/Source/portable/GCC/ARM_CM4F/port.o
 .debug_aranges
                0x0000000000000a10       0x58 Third_Party/FreeRTOS/org/Source/portable/MemMang/heap_4.o
 .debug_aranges
                0x0000000000000a68       0xc8 src/main.o
 .debug_aranges
                0x0000000000000b30       0xb0 src/syscalls.o
 .debug_aranges
                0x0000000000000be0       0x30 src/system_stm32f4xx.o
 .debug_aranges
                0x0000000000000c10       0x28 startup/startup_stm32.o

.debug_ranges   0x0000000000000000      0xb60
 .debug_ranges  0x0000000000000000       0x78 StdPeriph_Driver/src/stm32f4xx_gpio.o
 .debug_ranges  0x0000000000000078      0x1d8 StdPeriph_Driver/src/stm32f4xx_rcc.o
 .debug_ranges  0x0000000000000250      0x1d0 StdPeriph_Driver/src/stm32f4xx_rtc.o
 .debug_ranges  0x0000000000000420       0xf0 StdPeriph_Driver/src/stm32f4xx_usart.o
 .debug_ranges  0x0000000000000510       0x30 Third_Party/FreeRTOS/org/Source/list.o
 .debug_ranges  0x0000000000000540      0x120 Third_Party/FreeRTOS/org/Source/queue.o
 .debug_ranges  0x0000000000000660      0x1e8 Third_Party/FreeRTOS/org/Source/tasks.o
 .debug_ranges  0x0000000000000848       0xc8 Third_Party/FreeRTOS/org/Source/timers.o
 .debug_ranges  0x0000000000000910       0x70 Third_Party/FreeRTOS/org/Source/portable/GCC/ARM_CM4F/port.o
 .debug_ranges  0x0000000000000980       0x48 Third_Party/FreeRTOS/org/Source/portable/MemMang/heap_4.o
 .debug_ranges  0x00000000000009c8       0xb8 src/main.o
 .debug_ranges  0x0000000000000a80       0xa0 src/syscalls.o
 .debug_ranges  0x0000000000000b20       0x20 src/system_stm32f4xx.o
 .debug_ranges  0x0000000000000b40       0x20 startup/startup_stm32.o

.debug_macro    0x0000000000000000     0x3591
 .debug_macro   0x0000000000000000      0x1fc StdPeriph_Driver/src/stm32f4xx_gpio.o
 .debug_macro   0x00000000000001fc      0x33b StdPeriph_Driver/src/stm32f4xx_gpio.o
 .debug_macro   0x0000000000000537      0x2cb StdPeriph_Driver/src/stm32f4xx_rcc.o
 .debug_macro   0x0000000000000802      0x238 StdPeriph_Driver/src/stm32f4xx_rtc.o
 .debug_macro   0x0000000000000a3a      0x598 StdPeriph_Driver/src/stm32f4xx_rtc.o
 .debug_macro   0x0000000000000fd2      0x214 StdPeriph_Driver/src/stm32f4xx_usart.o
 .debug_macro   0x00000000000011e6      0x21d StdPeriph_Driver/src/stm32f4xx_usart.o
 .debug_macro   0x0000000000001403      0x17a Third_Party/FreeRTOS/org/Source/list.o
 .debug_macro   0x000000000000157d      0x204 Third_Party/FreeRTOS/org/Source/queue.o
 .debug_macro   0x0000000000001781       0x16 Third_Party/FreeRTOS/org/Source/queue.o
 .debug_macro   0x0000000000001797       0x35 Third_Party/FreeRTOS/org/Source/queue.o
 .debug_macro   0x00000000000017cc       0x80 Third_Party/FreeRTOS/org/Source/queue.o
 .debug_macro   0x000000000000184c      0x267 Third_Party/FreeRTOS/org/Source/tasks.o
 .debug_macro   0x0000000000001ab3       0x10 Third_Party/FreeRTOS/org/Source/tasks.o
 .debug_macro   0x0000000000001ac3      0x1cf Third_Party/FreeRTOS/org/Source/timers.o
 .debug_macro   0x0000000000001c92       0x97 Third_Party/FreeRTOS/org/Source/timers.o
 .debug_macro   0x0000000000001d29      0x196 Third_Party/FreeRTOS/org/Source/portable/GCC/ARM_CM4F/port.o
 .debug_macro   0x0000000000001ebf      0x1a1 Third_Party/FreeRTOS/org/Source/portable/MemMang/heap_4.o
 .debug_macro   0x0000000000002060      0x427 src/main.o
 .debug_macro   0x0000000000002487       0x16 src/main.o
 .debug_macro   0x000000000000249d       0x97 src/main.o
 .debug_macro   0x0000000000002534       0xfd src/main.o
 .debug_macro   0x0000000000002631       0x10 src/main.o
 .debug_macro   0x0000000000002641       0x10 src/main.o
 .debug_macro   0x0000000000002651       0x1c src/main.o
 .debug_macro   0x000000000000266d       0x52 src/main.o
 .debug_macro   0x00000000000026bf       0x40 src/main.o
 .debug_macro   0x00000000000026ff       0x10 src/main.o
 .debug_macro   0x000000000000270f       0x40 src/main.o
 .debug_macro   0x000000000000274f       0xd7 src/main.o
 .debug_macro   0x0000000000002826       0x1c src/main.o
 .debug_macro   0x0000000000002842       0x3d src/main.o
 .debug_macro   0x000000000000287f       0x16 src/main.o
 .debug_macro   0x0000000000002895      0x16f src/main.o
 .debug_macro   0x0000000000002a04      0x106 src/main.o
 .debug_macro   0x0000000000002b0a      0x243 src/syscalls.o
 .debug_macro   0x0000000000002d4d       0x10 src/syscalls.o
 .debug_macro   0x0000000000002d5d       0x10 src/syscalls.o
 .debug_macro   0x0000000000002d6d       0x10 src/syscalls.o
 .debug_macro   0x0000000000002d7d       0x35 src/syscalls.o
 .debug_macro   0x0000000000002db2      0x122 src/syscalls.o
 .debug_macro   0x0000000000002ed4       0x10 src/syscalls.o
 .debug_macro   0x0000000000002ee4      0x241 src/syscalls.o
 .debug_macro   0x0000000000003125       0x1c src/syscalls.o
 .debug_macro   0x0000000000003141       0x10 src/syscalls.o
 .debug_macro   0x0000000000003151      0x189 src/syscalls.o
 .debug_macro   0x00000000000032da       0x16 src/syscalls.o
 .debug_macro   0x00000000000032f0       0x88 src/syscalls.o
 .debug_macro   0x0000000000003378      0x219 src/system_stm32f4xx.o

.debug_line     0x0000000000000000     0x88b3
 .debug_line    0x0000000000000000      0x8c8 StdPeriph_Driver/src/stm32f4xx_gpio.o
 .debug_line    0x00000000000008c8      0xc45 StdPeriph_Driver/src/stm32f4xx_rcc.o
 .debug_line    0x000000000000150d      0xd7e StdPeriph_Driver/src/stm32f4xx_rtc.o
 .debug_line    0x000000000000228b      0xa0e StdPeriph_Driver/src/stm32f4xx_usart.o
 .debug_line    0x0000000000002c99      0x623 Third_Party/FreeRTOS/org/Source/list.o